// Jest Snapshot v1, https://goo.gl/fbAQLP

exports[`test account group component: userInfoView should render correctly '<UserInfoView />' when content is loaded. 1`] = `
Object {
  "asFragment": [Function],
  "baseElement": <body>
    <div>
      <section
        class="has-background-white"
      >
        <div
          class="bulma-container bulma-is-max-desktop"
        >
          <div
            class="py-6"
          >
            <div
              class="bulma-card"
            >
              <div
                class="bulma-card-content"
              >
                <p
                  class="is-size-4 has-text-grey"
                >
                  USER DETAILS
                </p>
                <hr />
                <div
                  class="py-4"
                >
                  <div
                    class="bulma-columns cancel-margin-bottom"
                  >
                    <div
                      class="bulma-column bulma-is-one-fifth"
                    >
                      <p
                        class="is-size-6 has-text-grey"
                      >
                        User ID:
                      </p>
                    </div>
                    <div
                      class="bulma-column"
                    >
                      <p
                        class="is-size-6 has-text-grey"
                      >
                        123456789
                      </p>
                    </div>
                  </div>
                  <div
                    class="bulma-columns cancel-margin-bottom"
                  >
                    <div
                      class="bulma-column bulma-is-one-fifth"
                    >
                      <p
                        class="is-size-6 has-text-grey"
                      >
                        Status
                      </p>
                    </div>
                    <div
                      class="bulma-column"
                    >
                      <p
                        class="is-size-6 has-text-grey"
                      >
                        Unverified
                        <span>
                          Â (
                        </span>
                        <span
                          class="has-text-danger is-underlined has-pointer"
                        >
                          request verification
                        </span>
                        <span>
                          )
                        </span>
                      </p>
                    </div>
                  </div>
                  <div
                    class="bulma-columns cancel-margin-bottom"
                  >
                    <div
                      class="bulma-column bulma-is-one-fifth"
                    >
                      <p
                        class="is-size-6 has-text-grey"
                      >
                        User alias:
                      </p>
                    </div>
                    <div
                      class="bulma-column"
                    >
                      <p
                        class="is-size-6 has-text-grey"
                      >
                        Ester
                      </p>
                    </div>
                  </div>
                  <hr />
                  <div
                    class="bulma-columns cancel-margin-bottom"
                  >
                    <div
                      class="bulma-column bulma-is-one-fifth is-align-self-center"
                    >
                      <p
                        class="is-size-6 has-text-grey"
                      >
                        Avatar:
                      </p>
                    </div>
                    <div
                      class="bulma-column"
                    >
                      <label
                        for="UserFile-Avatar"
                      >
                        <input
                          accept=""
                          hidden=""
                          id="UserFile-Avatar"
                          name="UserFile-Avatar"
                          type="file"
                        />
                        <button
                          class="icon-button button-upload is-flex is-align-self-center"
                          style="height: 48px; width: 48px;"
                        >
                          <div
                            class="avatar-wrapper user-avatar-avatar-small user-avatar-avatar-button"
                          >
                            <img
                              alt="User avatar"
                              class="avatar-image"
                              src="http://localhost:5000/api/v1/users/123456789/getUserImage?blobName="
                              title="Avatar"
                            />
                          </div>
                        </button>
                      </label>
                    </div>
                  </div>
                  <hr />
                  <div
                    class="bulma-columns cancel-margin-bottom"
                  >
                    <div
                      class="bulma-column bulma-is-one-fifth is-align-self-center"
                    >
                      <p
                        class="is-size-6 has-text-grey"
                      >
                        First name:
                      </p>
                    </div>
                    <div
                      class="bulma-column"
                    >
                      <div
                        class="bulma-control  "
                      >
                        <input
                          class="bulma-input   "
                          id="firstName"
                          name="firstName"
                          required=""
                          type="text"
                          value="Ester"
                        />
                      </div>
                    </div>
                  </div>
                  <div
                    class="bulma-columns cancel-margin-bottom"
                  >
                    <div
                      class="bulma-column bulma-is-one-fifth is-align-self-center"
                    >
                      <p
                        class="is-size-6 has-text-grey"
                      >
                        last name:
                      </p>
                    </div>
                    <div
                      class="bulma-column"
                    >
                      <div
                        class="bulma-control  "
                      >
                        <input
                          class="bulma-input   "
                          id="lastName"
                          name="lastName"
                          required=""
                          type="text"
                          value="Exposito"
                        />
                      </div>
                    </div>
                  </div>
                  <div
                    class="bulma-columns cancel-margin-bottom"
                  >
                    <div
                      class="bulma-column bulma-is-one-fifth is-align-self-center"
                    >
                      <p
                        class="is-size-6 has-text-grey"
                      >
                        Email:
                      </p>
                    </div>
                    <div
                      class="bulma-column"
                    >
                      <div
                        class="bulma-control  "
                      >
                        <input
                          class="bulma-input   "
                          id="email"
                          name="email"
                          required=""
                          type="text"
                          value="ester.exposito@gmail.com"
                        />
                      </div>
                    </div>
                  </div>
                  <div
                    class="bulma-columns cancel-margin-bottom"
                  >
                    <div
                      class="bulma-column bulma-is-one-fifth is-align-self-center"
                    >
                      <p
                        class="is-size-6 has-text-grey"
                      >
                        Bio:
                      </p>
                    </div>
                    <div
                      class="bulma-column"
                    >
                      <div
                        class="bulma-field"
                      >
                        <div
                          class="bulma-control  "
                        >
                          <textarea
                            class="bulma-textarea   bulma-has-fixed-size"
                            id="userAboutText"
                            name="userAboutText"
                            required=""
                          />
                        </div>
                      </div>
                    </div>
                  </div>
                  <hr />
                  <div
                    class="has-text-right"
                  >
                    <button
                      class="bulma-button bulma-is-info bulma-is-light"
                      type="submit"
                    >
                      Update
                    </button>
                  </div>
                </div>
              </div>
            </div>
          </div>
        </div>
      </section>
    </div>
  </body>,
  "container": <div>
    <section
      class="has-background-white"
    >
      <div
        class="bulma-container bulma-is-max-desktop"
      >
        <div
          class="py-6"
        >
          <div
            class="bulma-card"
          >
            <div
              class="bulma-card-content"
            >
              <p
                class="is-size-4 has-text-grey"
              >
                USER DETAILS
              </p>
              <hr />
              <div
                class="py-4"
              >
                <div
                  class="bulma-columns cancel-margin-bottom"
                >
                  <div
                    class="bulma-column bulma-is-one-fifth"
                  >
                    <p
                      class="is-size-6 has-text-grey"
                    >
                      User ID:
                    </p>
                  </div>
                  <div
                    class="bulma-column"
                  >
                    <p
                      class="is-size-6 has-text-grey"
                    >
                      123456789
                    </p>
                  </div>
                </div>
                <div
                  class="bulma-columns cancel-margin-bottom"
                >
                  <div
                    class="bulma-column bulma-is-one-fifth"
                  >
                    <p
                      class="is-size-6 has-text-grey"
                    >
                      Status
                    </p>
                  </div>
                  <div
                    class="bulma-column"
                  >
                    <p
                      class="is-size-6 has-text-grey"
                    >
                      Unverified
                      <span>
                        Â (
                      </span>
                      <span
                        class="has-text-danger is-underlined has-pointer"
                      >
                        request verification
                      </span>
                      <span>
                        )
                      </span>
                    </p>
                  </div>
                </div>
                <div
                  class="bulma-columns cancel-margin-bottom"
                >
                  <div
                    class="bulma-column bulma-is-one-fifth"
                  >
                    <p
                      class="is-size-6 has-text-grey"
                    >
                      User alias:
                    </p>
                  </div>
                  <div
                    class="bulma-column"
                  >
                    <p
                      class="is-size-6 has-text-grey"
                    >
                      Ester
                    </p>
                  </div>
                </div>
                <hr />
                <div
                  class="bulma-columns cancel-margin-bottom"
                >
                  <div
                    class="bulma-column bulma-is-one-fifth is-align-self-center"
                  >
                    <p
                      class="is-size-6 has-text-grey"
                    >
                      Avatar:
                    </p>
                  </div>
                  <div
                    class="bulma-column"
                  >
                    <label
                      for="UserFile-Avatar"
                    >
                      <input
                        accept=""
                        hidden=""
                        id="UserFile-Avatar"
                        name="UserFile-Avatar"
                        type="file"
                      />
                      <button
                        class="icon-button button-upload is-flex is-align-self-center"
                        style="height: 48px; width: 48px;"
                      >
                        <div
                          class="avatar-wrapper user-avatar-avatar-small user-avatar-avatar-button"
                        >
                          <img
                            alt="User avatar"
                            class="avatar-image"
                            src="http://localhost:5000/api/v1/users/123456789/getUserImage?blobName="
                            title="Avatar"
                          />
                        </div>
                      </button>
                    </label>
                  </div>
                </div>
                <hr />
                <div
                  class="bulma-columns cancel-margin-bottom"
                >
                  <div
                    class="bulma-column bulma-is-one-fifth is-align-self-center"
                  >
                    <p
                      class="is-size-6 has-text-grey"
                    >
                      First name:
                    </p>
                  </div>
                  <div
                    class="bulma-column"
                  >
                    <div
                      class="bulma-control  "
                    >
                      <input
                        class="bulma-input   "
                        id="firstName"
                        name="firstName"
                        required=""
                        type="text"
                        value="Ester"
                      />
                    </div>
                  </div>
                </div>
                <div
                  class="bulma-columns cancel-margin-bottom"
                >
                  <div
                    class="bulma-column bulma-is-one-fifth is-align-self-center"
                  >
                    <p
                      class="is-size-6 has-text-grey"
                    >
                      last name:
                    </p>
                  </div>
                  <div
                    class="bulma-column"
                  >
                    <div
                      class="bulma-control  "
                    >
                      <input
                        class="bulma-input   "
                        id="lastName"
                        name="lastName"
                        required=""
                        type="text"
                        value="Exposito"
                      />
                    </div>
                  </div>
                </div>
                <div
                  class="bulma-columns cancel-margin-bottom"
                >
                  <div
                    class="bulma-column bulma-is-one-fifth is-align-self-center"
                  >
                    <p
                      class="is-size-6 has-text-grey"
                    >
                      Email:
                    </p>
                  </div>
                  <div
                    class="bulma-column"
                  >
                    <div
                      class="bulma-control  "
                    >
                      <input
                        class="bulma-input   "
                        id="email"
                        name="email"
                        required=""
                        type="text"
                        value="ester.exposito@gmail.com"
                      />
                    </div>
                  </div>
                </div>
                <div
                  class="bulma-columns cancel-margin-bottom"
                >
                  <div
                    class="bulma-column bulma-is-one-fifth is-align-self-center"
                  >
                    <p
                      class="is-size-6 has-text-grey"
                    >
                      Bio:
                    </p>
                  </div>
                  <div
                    class="bulma-column"
                  >
                    <div
                      class="bulma-field"
                    >
                      <div
                        class="bulma-control  "
                      >
                        <textarea
                          class="bulma-textarea   bulma-has-fixed-size"
                          id="userAboutText"
                          name="userAboutText"
                          required=""
                        />
                      </div>
                    </div>
                  </div>
                </div>
                <hr />
                <div
                  class="has-text-right"
                >
                  <button
                    class="bulma-button bulma-is-info bulma-is-light"
                    type="submit"
                  >
                    Update
                  </button>
                </div>
              </div>
            </div>
          </div>
        </div>
      </div>
    </section>
  </div>,
  "debug": [Function],
  "findAllByAltText": [Function],
  "findAllByDisplayValue": [Function],
  "findAllByLabelText": [Function],
  "findAllByPlaceholderText": [Function],
  "findAllByRole": [Function],
  "findAllByTestId": [Function],
  "findAllByText": [Function],
  "findAllByTitle": [Function],
  "findByAltText": [Function],
  "findByDisplayValue": [Function],
  "findByLabelText": [Function],
  "findByPlaceholderText": [Function],
  "findByRole": [Function],
  "findByTestId": [Function],
  "findByText": [Function],
  "findByTitle": [Function],
  "getAllByAltText": [Function],
  "getAllByDisplayValue": [Function],
  "getAllByLabelText": [Function],
  "getAllByPlaceholderText": [Function],
  "getAllByRole": [Function],
  "getAllByTestId": [Function],
  "getAllByText": [Function],
  "getAllByTitle": [Function],
  "getByAltText": [Function],
  "getByDisplayValue": [Function],
  "getByLabelText": [Function],
  "getByPlaceholderText": [Function],
  "getByRole": [Function],
  "getByTestId": [Function],
  "getByText": [Function],
  "getByTitle": [Function],
  "queryAllByAltText": [Function],
  "queryAllByDisplayValue": [Function],
  "queryAllByLabelText": [Function],
  "queryAllByPlaceholderText": [Function],
  "queryAllByRole": [Function],
  "queryAllByTestId": [Function],
  "queryAllByText": [Function],
  "queryAllByTitle": [Function],
  "queryByAltText": [Function],
  "queryByDisplayValue": [Function],
  "queryByLabelText": [Function],
  "queryByPlaceholderText": [Function],
  "queryByRole": [Function],
  "queryByTestId": [Function],
  "queryByText": [Function],
  "queryByTitle": [Function],
  "rerender": [Function],
  "unmount": [Function],
}
`;
