// Jest Snapshot v1, https://goo.gl/fbAQLP

exports[`test component: cookiesView should render correctly '<CookiesView />' when content is loaded. 1`] = `<Fragment />`;
