// Jest Snapshot v1, https://goo.gl/fbAQLP

exports[`Test account component: ResetForm. Renders correctly '<ResetForm />' when content is loaded. 1`] = `
<section>
  <WithStyles(ForwardRef(Container))
    maxWidth="sm"
  >
    <Styled(MuiBox)
      pb={10}
      pt={18}
    >
      <WithStyles(ForwardRef(Card))
        elevation={4}
      >
        <WithStyles(ForwardRef(CardContent))
          className="makeStyles-card-1"
        >
          <Styled(MuiBox)
            mb={3}
            textAlign="center"
          >
            <AccountCircleIcon
              color="primary"
              style={
                Object {
                  "fontSize": 72,
                }
              }
            />
            <WithStyles(ForwardRef(Typography))
              color="textSecondary"
              component="h2"
              variant="h5"
            />
          </Styled(MuiBox)>
          <Styled(MuiBox)>
            <WithStyles(ForwardRef(Grid))
              container={true}
              spacing={2}
            >
              <WithStyles(ForwardRef(Grid))
                item={true}
                xs={12}
              >
                <WithStyles(ForwardRef(TextField))
                  autoComplete="email"
                  fullWidth={true}
                  id="email"
                  label="Email address"
                  name="email"
                  required={true}
                  variant="outlined"
                />
              </WithStyles(ForwardRef(Grid))>
            </WithStyles(ForwardRef(Grid))>
            <Styled(MuiBox)
              my={2}
            >
              <WithStyles(ForwardRef(Button))
                color="primary"
                fullWidth={true}
                variant="contained"
              />
            </Styled(MuiBox)>
          </Styled(MuiBox)>
        </WithStyles(ForwardRef(CardContent))>
      </WithStyles(ForwardRef(Card))>
    </Styled(MuiBox)>
  </WithStyles(ForwardRef(Container))>
</section>
`;
