// Jest Snapshot v1, https://goo.gl/fbAQLP

exports[`test view component for application toast should render correctly view component with passed props. 1`] = `
<div
  class="makeStyles-root-1"
/>
`;
