// Jest Snapshot v1, https://goo.gl/fbAQLP

exports[`test account group component: accountActivateView should render correctly '<AccountActivateView />' when content is loaded. 1`] = `
Object {
  "asFragment": [Function],
  "baseElement": <body>
    <div>
      <section
        class="section "
      >
        <div
          class="MuiContainer-root container MuiContainer-maxWidthLg"
        >
          <div
            class="pt-0 pb-15"
          >
            <div
              class="MuiPaper-root MuiCard-root card MuiPaper-elevation0 MuiPaper-rounded"
            >
              <div
                class="MuiCardContent-root card-content"
              >
                <div
                  class="text-centre mb-25"
                >
                  <div
                    class="mt-15 mb-15"
                  >
                    <div
                      class="MuiTypography-root aa-caption MuiTypography-body1"
                    >
                      Account Activation
                    </div>
                  </div>
                  <div
                    class="mt-40 mb-15"
                  >
                    <span
                      class="MuiTypography-root aa-text1 MuiTypography-body1"
                    >
                      Your account has been successfully activated!
                    </span>
                  </div>
                  <div
                    class="mt-15 mb-40"
                  >
                    <span
                      class="MuiTypography-root aa-text2 MuiTypography-body1"
                    >
                      You can now sign in.
                    </span>
                  </div>
                </div>
              </div>
            </div>
          </div>
        </div>
      </section>
    </div>
  </body>,
  "container": <div>
    <section
      class="section "
    >
      <div
        class="MuiContainer-root container MuiContainer-maxWidthLg"
      >
        <div
          class="pt-0 pb-15"
        >
          <div
            class="MuiPaper-root MuiCard-root card MuiPaper-elevation0 MuiPaper-rounded"
          >
            <div
              class="MuiCardContent-root card-content"
            >
              <div
                class="text-centre mb-25"
              >
                <div
                  class="mt-15 mb-15"
                >
                  <div
                    class="MuiTypography-root aa-caption MuiTypography-body1"
                  >
                    Account Activation
                  </div>
                </div>
                <div
                  class="mt-40 mb-15"
                >
                  <span
                    class="MuiTypography-root aa-text1 MuiTypography-body1"
                  >
                    Your account has been successfully activated!
                  </span>
                </div>
                <div
                  class="mt-15 mb-40"
                >
                  <span
                    class="MuiTypography-root aa-text2 MuiTypography-body1"
                  >
                    You can now sign in.
                  </span>
                </div>
              </div>
            </div>
          </div>
        </div>
      </div>
    </section>
  </div>,
  "debug": [Function],
  "findAllByAltText": [Function],
  "findAllByDisplayValue": [Function],
  "findAllByLabelText": [Function],
  "findAllByPlaceholderText": [Function],
  "findAllByRole": [Function],
  "findAllByTestId": [Function],
  "findAllByText": [Function],
  "findAllByTitle": [Function],
  "findByAltText": [Function],
  "findByDisplayValue": [Function],
  "findByLabelText": [Function],
  "findByPlaceholderText": [Function],
  "findByRole": [Function],
  "findByTestId": [Function],
  "findByText": [Function],
  "findByTitle": [Function],
  "getAllByAltText": [Function],
  "getAllByDisplayValue": [Function],
  "getAllByLabelText": [Function],
  "getAllByPlaceholderText": [Function],
  "getAllByRole": [Function],
  "getAllByTestId": [Function],
  "getAllByText": [Function],
  "getAllByTitle": [Function],
  "getByAltText": [Function],
  "getByDisplayValue": [Function],
  "getByLabelText": [Function],
  "getByPlaceholderText": [Function],
  "getByRole": [Function],
  "getByTestId": [Function],
  "getByText": [Function],
  "getByTitle": [Function],
  "queryAllByAltText": [Function],
  "queryAllByDisplayValue": [Function],
  "queryAllByLabelText": [Function],
  "queryAllByPlaceholderText": [Function],
  "queryAllByRole": [Function],
  "queryAllByTestId": [Function],
  "queryAllByText": [Function],
  "queryAllByTitle": [Function],
  "queryByAltText": [Function],
  "queryByDisplayValue": [Function],
  "queryByLabelText": [Function],
  "queryByPlaceholderText": [Function],
  "queryByRole": [Function],
  "queryByTestId": [Function],
  "queryByText": [Function],
  "queryByTitle": [Function],
  "rerender": [Function],
  "unmount": [Function],
}
`;
