// Jest Snapshot v1, https://goo.gl/fbAQLP

exports[`test component: pdfViewerView should render correctly '<PdfViewerView />' when content is loaded. 1`] = `
Object {
  "asFragment": [Function],
  "baseElement": <body>
    <div>
      <section
        class="makeStyles-section-1"
        style="background-color: white;"
      >
        <div
          class="MuiContainer-root makeStyles-container-2 MuiContainer-maxWidthLg"
        >
          <div
            class="MuiBox-root MuiBox-root-8"
          >
            <div
              class="MuiGrid-root MuiGrid-container MuiGrid-direction-xs-column MuiGrid-justify-content-xs-center"
            >
              <div
                class="MuiBox-root MuiBox-root-9 makeStyles-header-3"
              >
                <a
                  href="https://test.com/documents/some_document.pdf&canDownload=true"
                  style="color: rgb(0, 0, 0);"
                >
                  <svg
                    aria-hidden="true"
                    class="MuiSvgIcon-root"
                    focusable="false"
                    viewBox="0 0 24 24"
                  >
                    <path
                      d="M19 9h-4V3H9v6H5l7 7 7-7zM5 18v2h14v-2H5z"
                    />
                  </svg>
                </a>
                <div
                  class="makeStyles-header_pages-4"
                >
                  1
                   / 
                  1
                </div>
                <div>
                  <svg
                    aria-hidden="true"
                    class="MuiSvgIcon-root makeStyles-header_buttons-5"
                    focusable="false"
                    viewBox="0 0 24 24"
                  >
                    <path
                      d="M15.41 7.41L14 6l-6 6 6 6 1.41-1.41L10.83 12z"
                    />
                  </svg>
                  <svg
                    aria-hidden="true"
                    class="MuiSvgIcon-root makeStyles-header_buttons-5"
                    focusable="false"
                    viewBox="0 0 24 24"
                  >
                    <path
                      d="M10 6L8.59 7.41 13.17 12l-4.58 4.59L10 18l6-6z"
                    />
                  </svg>
                </div>
              </div>
              <div
                class="MuiBox-root MuiBox-root-10 makeStyles-canvasWrapper-7"
              >
                <canvas
                  class="makeStyles-canvas-6"
                />
              </div>
            </div>
          </div>
        </div>
      </section>
    </div>
  </body>,
  "container": <div>
    <section
      class="makeStyles-section-1"
      style="background-color: white;"
    >
      <div
        class="MuiContainer-root makeStyles-container-2 MuiContainer-maxWidthLg"
      >
        <div
          class="MuiBox-root MuiBox-root-8"
        >
          <div
            class="MuiGrid-root MuiGrid-container MuiGrid-direction-xs-column MuiGrid-justify-content-xs-center"
          >
            <div
              class="MuiBox-root MuiBox-root-9 makeStyles-header-3"
            >
              <a
                href="https://test.com/documents/some_document.pdf&canDownload=true"
                style="color: rgb(0, 0, 0);"
              >
                <svg
                  aria-hidden="true"
                  class="MuiSvgIcon-root"
                  focusable="false"
                  viewBox="0 0 24 24"
                >
                  <path
                    d="M19 9h-4V3H9v6H5l7 7 7-7zM5 18v2h14v-2H5z"
                  />
                </svg>
              </a>
              <div
                class="makeStyles-header_pages-4"
              >
                1
                 / 
                1
              </div>
              <div>
                <svg
                  aria-hidden="true"
                  class="MuiSvgIcon-root makeStyles-header_buttons-5"
                  focusable="false"
                  viewBox="0 0 24 24"
                >
                  <path
                    d="M15.41 7.41L14 6l-6 6 6 6 1.41-1.41L10.83 12z"
                  />
                </svg>
                <svg
                  aria-hidden="true"
                  class="MuiSvgIcon-root makeStyles-header_buttons-5"
                  focusable="false"
                  viewBox="0 0 24 24"
                >
                  <path
                    d="M10 6L8.59 7.41 13.17 12l-4.58 4.59L10 18l6-6z"
                  />
                </svg>
              </div>
            </div>
            <div
              class="MuiBox-root MuiBox-root-10 makeStyles-canvasWrapper-7"
            >
              <canvas
                class="makeStyles-canvas-6"
              />
            </div>
          </div>
        </div>
      </div>
    </section>
  </div>,
  "debug": [Function],
  "findAllByAltText": [Function],
  "findAllByDisplayValue": [Function],
  "findAllByLabelText": [Function],
  "findAllByPlaceholderText": [Function],
  "findAllByRole": [Function],
  "findAllByTestId": [Function],
  "findAllByText": [Function],
  "findAllByTitle": [Function],
  "findByAltText": [Function],
  "findByDisplayValue": [Function],
  "findByLabelText": [Function],
  "findByPlaceholderText": [Function],
  "findByRole": [Function],
  "findByTestId": [Function],
  "findByText": [Function],
  "findByTitle": [Function],
  "getAllByAltText": [Function],
  "getAllByDisplayValue": [Function],
  "getAllByLabelText": [Function],
  "getAllByPlaceholderText": [Function],
  "getAllByRole": [Function],
  "getAllByTestId": [Function],
  "getAllByText": [Function],
  "getAllByTitle": [Function],
  "getByAltText": [Function],
  "getByDisplayValue": [Function],
  "getByLabelText": [Function],
  "getByPlaceholderText": [Function],
  "getByRole": [Function],
  "getByTestId": [Function],
  "getByText": [Function],
  "getByTitle": [Function],
  "queryAllByAltText": [Function],
  "queryAllByDisplayValue": [Function],
  "queryAllByLabelText": [Function],
  "queryAllByPlaceholderText": [Function],
  "queryAllByRole": [Function],
  "queryAllByTestId": [Function],
  "queryAllByText": [Function],
  "queryAllByTitle": [Function],
  "queryByAltText": [Function],
  "queryByDisplayValue": [Function],
  "queryByLabelText": [Function],
  "queryByPlaceholderText": [Function],
  "queryByRole": [Function],
  "queryByTestId": [Function],
  "queryByText": [Function],
  "queryByTitle": [Function],
  "rerender": [Function],
  "unmount": [Function],
}
`;
