// Jest Snapshot v1, https://goo.gl/fbAQLP

exports[`test account group component: userDeactivationView should render correctly '<UserDeactivationView />' when content is loaded. 1`] = `
Object {
  "asFragment": [Function],
  "baseElement": <body>
    <div>
      <section
        class="section "
      >
        <div
          class="MuiContainer-root container-wide MuiContainer-maxWidthLg"
        >
          <div
            class="pb-40"
          >
            <div
              class="MuiPaper-root MuiCard-root card MuiPaper-elevation0 MuiPaper-rounded"
            >
              <div
                class="MuiCardContent-root card-content"
              >
                <span
                  class="MuiTypography-root caption black MuiTypography-body1"
                >
                  Account Deactivation
                </span>
                <div
                  class="mt-15 mb-8"
                >
                  <hr
                    class="MuiDivider-root divider"
                  />
                </div>
                <div
                  class="pt-8 pb-8"
                >
                  <div
                    class="MuiGrid-root MuiGrid-container MuiGrid-spacing-xs-2"
                  >
                    <div
                      class="MuiGrid-root MuiGrid-item"
                    >
                      <span
                        class="MuiTypography-root label MuiTypography-body1"
                      >
                        &lt;p&gt;You can deactivate the account...&lt;/p&gt;
                      </span>
                    </div>
                  </div>
                  <div
                    class="mt-15 mb-15"
                  >
                    <hr
                      class="MuiDivider-root divider"
                    />
                  </div>
                  <div
                    class="MuiGrid-root button-container-update"
                  >
                    <div
                      class="mt-15 mb-15"
                    >
                      <button
                        class="MuiButtonBase-root MuiButton-root MuiButton-contained button-delete MuiButton-fullWidth"
                        tabindex="0"
                        type="submit"
                      >
                        <span
                          class="MuiButton-label"
                        >
                          Dactivate
                        </span>
                        <span
                          class="MuiTouchRipple-root"
                        />
                      </button>
                    </div>
                  </div>
                </div>
              </div>
            </div>
          </div>
        </div>
      </section>
    </div>
  </body>,
  "container": <div>
    <section
      class="section "
    >
      <div
        class="MuiContainer-root container-wide MuiContainer-maxWidthLg"
      >
        <div
          class="pb-40"
        >
          <div
            class="MuiPaper-root MuiCard-root card MuiPaper-elevation0 MuiPaper-rounded"
          >
            <div
              class="MuiCardContent-root card-content"
            >
              <span
                class="MuiTypography-root caption black MuiTypography-body1"
              >
                Account Deactivation
              </span>
              <div
                class="mt-15 mb-8"
              >
                <hr
                  class="MuiDivider-root divider"
                />
              </div>
              <div
                class="pt-8 pb-8"
              >
                <div
                  class="MuiGrid-root MuiGrid-container MuiGrid-spacing-xs-2"
                >
                  <div
                    class="MuiGrid-root MuiGrid-item"
                  >
                    <span
                      class="MuiTypography-root label MuiTypography-body1"
                    >
                      &lt;p&gt;You can deactivate the account...&lt;/p&gt;
                    </span>
                  </div>
                </div>
                <div
                  class="mt-15 mb-15"
                >
                  <hr
                    class="MuiDivider-root divider"
                  />
                </div>
                <div
                  class="MuiGrid-root button-container-update"
                >
                  <div
                    class="mt-15 mb-15"
                  >
                    <button
                      class="MuiButtonBase-root MuiButton-root MuiButton-contained button-delete MuiButton-fullWidth"
                      tabindex="0"
                      type="submit"
                    >
                      <span
                        class="MuiButton-label"
                      >
                        Dactivate
                      </span>
                      <span
                        class="MuiTouchRipple-root"
                      />
                    </button>
                  </div>
                </div>
              </div>
            </div>
          </div>
        </div>
      </div>
    </section>
  </div>,
  "debug": [Function],
  "findAllByAltText": [Function],
  "findAllByDisplayValue": [Function],
  "findAllByLabelText": [Function],
  "findAllByPlaceholderText": [Function],
  "findAllByRole": [Function],
  "findAllByTestId": [Function],
  "findAllByText": [Function],
  "findAllByTitle": [Function],
  "findByAltText": [Function],
  "findByDisplayValue": [Function],
  "findByLabelText": [Function],
  "findByPlaceholderText": [Function],
  "findByRole": [Function],
  "findByTestId": [Function],
  "findByText": [Function],
  "findByTitle": [Function],
  "getAllByAltText": [Function],
  "getAllByDisplayValue": [Function],
  "getAllByLabelText": [Function],
  "getAllByPlaceholderText": [Function],
  "getAllByRole": [Function],
  "getAllByTestId": [Function],
  "getAllByText": [Function],
  "getAllByTitle": [Function],
  "getByAltText": [Function],
  "getByDisplayValue": [Function],
  "getByLabelText": [Function],
  "getByPlaceholderText": [Function],
  "getByRole": [Function],
  "getByTestId": [Function],
  "getByText": [Function],
  "getByTitle": [Function],
  "queryAllByAltText": [Function],
  "queryAllByDisplayValue": [Function],
  "queryAllByLabelText": [Function],
  "queryAllByPlaceholderText": [Function],
  "queryAllByRole": [Function],
  "queryAllByTestId": [Function],
  "queryAllByText": [Function],
  "queryAllByTitle": [Function],
  "queryByAltText": [Function],
  "queryByDisplayValue": [Function],
  "queryByLabelText": [Function],
  "queryByPlaceholderText": [Function],
  "queryByRole": [Function],
  "queryByTestId": [Function],
  "queryByText": [Function],
  "queryByTitle": [Function],
  "rerender": [Function],
  "unmount": [Function],
}
`;
