// Jest Snapshot v1, https://goo.gl/fbAQLP

exports[`test account group component: resetPassword should renders correctly '<ResetPassword />' when content is loaded. 1`] = `
<section
  class="makeStyles-section-1"
>
  <div
    class="MuiContainer-root makeStyles-container-2 MuiContainer-maxWidthLg"
  >
    <div
      class="MuiBox-root MuiBox-root-8"
    >
      <div
        class="MuiPaper-root MuiCard-root makeStyles-card-5 MuiPaper-elevation0 MuiPaper-rounded"
      >
        <div
          class="MuiCardContent-root makeStyles-card_content-6"
        >
          <div
            class="MuiBox-root MuiBox-root-9"
          >
            <svg
              aria-hidden="true"
              class="MuiSvgIcon-root makeStyles-account-3"
              focusable="false"
              viewBox="0 0 24 24"
            >
              <path
                d="M12 2C6.48 2 2 6.48 2 12s4.48 10 10 10 10-4.48 10-10S17.52 2 12 2zm0 3c1.66 0 3 1.34 3 3s-1.34 3-3 3-3-1.34-3-3 1.34-3 3-3zm0 14.2c-2.5 0-4.71-1.28-6-3.22.03-1.99 4-3.08 6-3.08 1.99 0 5.97 1.09 6 3.08-1.29 1.94-3.5 3.22-6 3.22z"
              />
            </svg>
            <p
              class="MuiTypography-root makeStyles-caption-4 MuiTypography-body1"
            />
          </div>
          <div
            class="MuiBox-root MuiBox-root-10"
          >
            <div
              class="MuiGrid-root MuiGrid-container MuiGrid-spacing-xs-2"
            >
              <div
                class="MuiGrid-root MuiGrid-item MuiGrid-grid-xs-12"
              >
                <div
                  class="MuiFormControl-root MuiTextField-root MuiFormControl-fullWidth"
                >
                  <div
                    class="MuiInputBase-root MuiOutlinedInput-root MuiInputBase-fullWidth MuiInputBase-formControl"
                  >
                    <input
                      aria-invalid="false"
                      autocomplete="email"
                      class="MuiInputBase-input MuiOutlinedInput-input"
                      id="email"
                      name="email"
                      required=""
                      type="text"
                      value=""
                    />
                    <fieldset
                      aria-hidden="true"
                      class="PrivateNotchedOutline-root-11 MuiOutlinedInput-notchedOutline"
                      style="padding-left:8px"
                    >
                      <legend
                        class="PrivateNotchedOutline-legend-12"
                        style="width:0.01px"
                      >
                        <span>
                          â€‹
                        </span>
                      </legend>
                    </fieldset>
                  </div>
                </div>
              </div>
            </div>
            <div
              class="MuiBox-root MuiBox-root-15"
            >
              <button
                class="MuiButtonBase-root MuiButton-root MuiButton-contained makeStyles-button-22 MuiButton-fullWidth"
                tabindex="0"
                type="submit"
              >
                <span
                  class="MuiButton-label"
                />
                <span
                  class="MuiTouchRipple-root"
                />
              </button>
            </div>
          </div>
        </div>
      </div>
    </div>
  </div>
</section>
`;
