// Jest Snapshot v1, https://goo.gl/fbAQLP

exports[`test component: testimonialsView should render correctly '<TestimonialsView />' when content is loaded. 1`] = `
Object {
  "asFragment": [Function],
  "baseElement": <body>
    <div>
      <section>
        <div
          class="bulma-container"
        >
          <div
            class="py-6"
          >
            <div
              data-aos="fade-down"
              data-aos-delay="0"
            >
              <p
                class="is-size-3	has-text-centered has-text-link"
              >
                TESTIMONIALS
              </p>
            </div>
            <div
              class="bulma-columns testimonials-card-columns"
            >
              <div
                class="bulma-column testimonials-card-column"
              >
                <div
                  data-aos="fade-up"
                  data-aos-delay="350"
                >
                  <div
                    class="bulma-card"
                  >
                    <img
                      alt="Picture of Joanna"
                      class="testimonials-card-image"
                      loading="lazy"
                      src="http://localhost:5000/api/v1/content/assets/getNonVideoAsset?blobName=images/sections/testimonials/joanna.webp"
                      title="Testimonials"
                    />
                    <div
                      class="bulma-card-content mt-6 testimonials-card-content"
                    >
                      <h3
                        class="is-size-5 has-text-centered has-text-weight-semibold mt-6 px-4 pt-4 pb-1"
                      >
                        Joanna
                      </h3>
                      <div
                        class="is-flex is-justify-content-center"
                      >
                        <a
                          class="href "
                          href="https://www.linkedin.com/in/joanna"
                          rel="noopener nofollow"
                          target="_blank"
                        >
                          <figure
                            class="bulma-image bulma-is-24x24"
                          >
                            <svg
                              class="is-flex is-align-self-center "
                              fill="#000000"
                              style="width: 1.5rem; height: 1.5rem;"
                              version="1.1"
                              viewBox="0 0 32 32"
                              xmlns="http://www.w3.org/2000/svg"
                            >
                              <path
                                d="M28.778 1.004h-25.56c-0.008-0-0.017-0-0.027-0-1.199 0-2.172 0.964-2.186 2.159v25.672c0.014 1.196 0.987 2.161 2.186 2.161 0.010 0 0.019-0 0.029-0h25.555c0.008 0 0.018 0 0.028 0 1.2 0 2.175-0.963 2.194-2.159l0-0.002v-25.67c-0.019-1.197-0.994-2.161-2.195-2.161-0.010 0-0.019 0-0.029 0h0.001zM9.9 26.562h-4.454v-14.311h4.454zM7.674 10.293c-1.425 0-2.579-1.155-2.579-2.579s1.155-2.579 2.579-2.579c1.424 0 2.579 1.154 2.579 2.578v0c0 0.001 0 0.002 0 0.004 0 1.423-1.154 2.577-2.577 2.577-0.001 0-0.002 0-0.003 0h0zM26.556 26.562h-4.441v-6.959c0-1.66-0.034-3.795-2.314-3.795-2.316 0-2.669 1.806-2.669 3.673v7.082h-4.441v-14.311h4.266v1.951h0.058c0.828-1.395 2.326-2.315 4.039-2.315 0.061 0 0.121 0.001 0.181 0.003l-0.009-0c4.5 0 5.332 2.962 5.332 6.817v7.855z"
                              />
                            </svg>
                          </figure>
                        </a>
                      </div>
                      <p
                        class="is-size-6 has-text-centered has-text-link p-2"
                      >
                        Senior Digital Tax Specialist
                      </p>
                      <div
                        class="is-flex is-flex-direction-column is-align-items-center"
                      >
                        <div
                          class="collapsible-transition"
                          style="height: 120px;"
                        >
                          <div
                            class="collapsible-content"
                          >
                            <div
                              class="collapsible-gradient"
                              style="height: 120px;"
                            />
                            <p
                              class="is-size-6 has-text-centered has-text-grey p-2 line-height-18"
                            >
                              Joe is very motivated...
                            </p>
                          </div>
                        </div>
                        <button
                          class="icon-button collapsible-expand is-flex is-align-self-center"
                          style="height: 48px; width: 48px;"
                        >
                          <div>
                            <svg
                              class="is-flex is-align-self-center has-text-grey"
                              role="presentation"
                              style="width: 1.5rem; height: 1.5rem;"
                              viewBox="0 0 24 24"
                            >
                              <path
                                d="M7.41,8.58L12,13.17L16.59,8.58L18,10L12,16L6,10L7.41,8.58Z"
                                style="fill: currentColor;"
                              />
                            </svg>
                          </div>
                        </button>
                      </div>
                    </div>
                  </div>
                </div>
              </div>
              <div
                class="bulma-column testimonials-card-column"
              >
                <div
                  data-aos="fade-up"
                  data-aos-delay="150"
                >
                  <div
                    class="bulma-card"
                  >
                    <img
                      alt="Picture of Adama"
                      class="testimonials-card-image"
                      loading="lazy"
                      src="http://localhost:5000/api/v1/content/assets/getNonVideoAsset?blobName=images/sections/testimonials/adama.webp"
                      title="Testimonials"
                    />
                    <div
                      class="bulma-card-content mt-6 testimonials-card-content"
                    >
                      <h3
                        class="is-size-5 has-text-centered has-text-weight-semibold mt-6 px-4 pt-4 pb-1"
                      >
                        Adama
                      </h3>
                      <div
                        class="is-flex is-justify-content-center"
                      >
                        <a
                          class="href "
                          href="https://www.linkedin.com/in/adama"
                          rel="noopener nofollow"
                          target="_blank"
                        >
                          <figure
                            class="bulma-image bulma-is-24x24"
                          >
                            <svg
                              class="is-flex is-align-self-center "
                              fill="#000000"
                              style="width: 1.5rem; height: 1.5rem;"
                              version="1.1"
                              viewBox="0 0 32 32"
                              xmlns="http://www.w3.org/2000/svg"
                            >
                              <path
                                d="M28.778 1.004h-25.56c-0.008-0-0.017-0-0.027-0-1.199 0-2.172 0.964-2.186 2.159v25.672c0.014 1.196 0.987 2.161 2.186 2.161 0.010 0 0.019-0 0.029-0h25.555c0.008 0 0.018 0 0.028 0 1.2 0 2.175-0.963 2.194-2.159l0-0.002v-25.67c-0.019-1.197-0.994-2.161-2.195-2.161-0.010 0-0.019 0-0.029 0h0.001zM9.9 26.562h-4.454v-14.311h4.454zM7.674 10.293c-1.425 0-2.579-1.155-2.579-2.579s1.155-2.579 2.579-2.579c1.424 0 2.579 1.154 2.579 2.578v0c0 0.001 0 0.002 0 0.004 0 1.423-1.154 2.577-2.577 2.577-0.001 0-0.002 0-0.003 0h0zM26.556 26.562h-4.441v-6.959c0-1.66-0.034-3.795-2.314-3.795-2.316 0-2.669 1.806-2.669 3.673v7.082h-4.441v-14.311h4.266v1.951h0.058c0.828-1.395 2.326-2.315 4.039-2.315 0.061 0 0.121 0.001 0.181 0.003l-0.009-0c4.5 0 5.332 2.962 5.332 6.817v7.855z"
                              />
                            </svg>
                          </figure>
                        </a>
                      </div>
                      <p
                        class="is-size-6 has-text-centered has-text-link p-2"
                      >
                        Full-stack Developer chez DFDS POLSKA
                      </p>
                      <div
                        class="is-flex is-flex-direction-column is-align-items-center"
                      >
                        <div
                          class="collapsible-transition"
                        >
                          <div
                            class="collapsible-content"
                          >
                            <div
                              class="collapsible-gradient"
                            />
                            <p
                              class="is-size-6 has-text-centered has-text-grey p-2 line-height-18"
                            >
                              Joe have done very good work...
                            </p>
                          </div>
                        </div>
                        <button
                          class="icon-button collapsible-expand is-flex is-align-self-center"
                          style="height: 48px; width: 48px;"
                        >
                          <div>
                            <svg
                              class="is-flex is-align-self-center has-text-grey"
                              role="presentation"
                              style="width: 1.5rem; height: 1.5rem;"
                              viewBox="0 0 24 24"
                            >
                              <path
                                d="M7.41,8.58L12,13.17L16.59,8.58L18,10L12,16L6,10L7.41,8.58Z"
                                style="fill: currentColor;"
                              />
                            </svg>
                          </div>
                        </button>
                      </div>
                    </div>
                  </div>
                </div>
              </div>
              <div
                class="bulma-column testimonials-card-column"
              >
                <div
                  data-aos="fade-up"
                  data-aos-delay="250"
                >
                  <div
                    class="bulma-card"
                  >
                    <img
                      alt="Picture of Scott"
                      class="testimonials-card-image"
                      loading="lazy"
                      src="http://localhost:5000/api/v1/content/assets/getNonVideoAsset?blobName=images/sections/testimonials/scott.webp"
                      title="Testimonials"
                    />
                    <div
                      class="bulma-card-content mt-6 testimonials-card-content"
                    >
                      <h3
                        class="is-size-5 has-text-centered has-text-weight-semibold mt-6 px-4 pt-4 pb-1"
                      >
                        Scott
                      </h3>
                      <div
                        class="is-flex is-justify-content-center"
                      >
                        <a
                          class="href "
                          href="https://www.linkedin.com/in/scott"
                          rel="noopener nofollow"
                          target="_blank"
                        >
                          <figure
                            class="bulma-image bulma-is-24x24"
                          >
                            <svg
                              class="is-flex is-align-self-center "
                              fill="#000000"
                              style="width: 1.5rem; height: 1.5rem;"
                              version="1.1"
                              viewBox="0 0 32 32"
                              xmlns="http://www.w3.org/2000/svg"
                            >
                              <path
                                d="M28.778 1.004h-25.56c-0.008-0-0.017-0-0.027-0-1.199 0-2.172 0.964-2.186 2.159v25.672c0.014 1.196 0.987 2.161 2.186 2.161 0.010 0 0.019-0 0.029-0h25.555c0.008 0 0.018 0 0.028 0 1.2 0 2.175-0.963 2.194-2.159l0-0.002v-25.67c-0.019-1.197-0.994-2.161-2.195-2.161-0.010 0-0.019 0-0.029 0h0.001zM9.9 26.562h-4.454v-14.311h4.454zM7.674 10.293c-1.425 0-2.579-1.155-2.579-2.579s1.155-2.579 2.579-2.579c1.424 0 2.579 1.154 2.579 2.578v0c0 0.001 0 0.002 0 0.004 0 1.423-1.154 2.577-2.577 2.577-0.001 0-0.002 0-0.003 0h0zM26.556 26.562h-4.441v-6.959c0-1.66-0.034-3.795-2.314-3.795-2.316 0-2.669 1.806-2.669 3.673v7.082h-4.441v-14.311h4.266v1.951h0.058c0.828-1.395 2.326-2.315 4.039-2.315 0.061 0 0.121 0.001 0.181 0.003l-0.009-0c4.5 0 5.332 2.962 5.332 6.817v7.855z"
                              />
                            </svg>
                          </figure>
                        </a>
                      </div>
                      <p
                        class="is-size-6 has-text-centered has-text-link p-2"
                      >
                        BPO
                      </p>
                      <div
                        class="is-flex is-flex-direction-column is-align-items-center"
                      >
                        <div
                          class="collapsible-transition"
                        >
                          <div
                            class="collapsible-content"
                          >
                            <div
                              class="collapsible-gradient"
                            />
                            <p
                              class="is-size-6 has-text-centered has-text-grey p-2 line-height-18"
                            >
                              Joe is one of those rare talents...
                            </p>
                          </div>
                        </div>
                        <button
                          class="icon-button collapsible-expand is-flex is-align-self-center"
                          style="height: 48px; width: 48px;"
                        >
                          <div>
                            <svg
                              class="is-flex is-align-self-center has-text-grey"
                              role="presentation"
                              style="width: 1.5rem; height: 1.5rem;"
                              viewBox="0 0 24 24"
                            >
                              <path
                                d="M7.41,8.58L12,13.17L16.59,8.58L18,10L12,16L6,10L7.41,8.58Z"
                                style="fill: currentColor;"
                              />
                            </svg>
                          </div>
                        </button>
                      </div>
                    </div>
                  </div>
                </div>
              </div>
            </div>
          </div>
        </div>
      </section>
    </div>
  </body>,
  "container": <div>
    <section>
      <div
        class="bulma-container"
      >
        <div
          class="py-6"
        >
          <div
            data-aos="fade-down"
            data-aos-delay="0"
          >
            <p
              class="is-size-3	has-text-centered has-text-link"
            >
              TESTIMONIALS
            </p>
          </div>
          <div
            class="bulma-columns testimonials-card-columns"
          >
            <div
              class="bulma-column testimonials-card-column"
            >
              <div
                data-aos="fade-up"
                data-aos-delay="350"
              >
                <div
                  class="bulma-card"
                >
                  <img
                    alt="Picture of Joanna"
                    class="testimonials-card-image"
                    loading="lazy"
                    src="http://localhost:5000/api/v1/content/assets/getNonVideoAsset?blobName=images/sections/testimonials/joanna.webp"
                    title="Testimonials"
                  />
                  <div
                    class="bulma-card-content mt-6 testimonials-card-content"
                  >
                    <h3
                      class="is-size-5 has-text-centered has-text-weight-semibold mt-6 px-4 pt-4 pb-1"
                    >
                      Joanna
                    </h3>
                    <div
                      class="is-flex is-justify-content-center"
                    >
                      <a
                        class="href "
                        href="https://www.linkedin.com/in/joanna"
                        rel="noopener nofollow"
                        target="_blank"
                      >
                        <figure
                          class="bulma-image bulma-is-24x24"
                        >
                          <svg
                            class="is-flex is-align-self-center "
                            fill="#000000"
                            style="width: 1.5rem; height: 1.5rem;"
                            version="1.1"
                            viewBox="0 0 32 32"
                            xmlns="http://www.w3.org/2000/svg"
                          >
                            <path
                              d="M28.778 1.004h-25.56c-0.008-0-0.017-0-0.027-0-1.199 0-2.172 0.964-2.186 2.159v25.672c0.014 1.196 0.987 2.161 2.186 2.161 0.010 0 0.019-0 0.029-0h25.555c0.008 0 0.018 0 0.028 0 1.2 0 2.175-0.963 2.194-2.159l0-0.002v-25.67c-0.019-1.197-0.994-2.161-2.195-2.161-0.010 0-0.019 0-0.029 0h0.001zM9.9 26.562h-4.454v-14.311h4.454zM7.674 10.293c-1.425 0-2.579-1.155-2.579-2.579s1.155-2.579 2.579-2.579c1.424 0 2.579 1.154 2.579 2.578v0c0 0.001 0 0.002 0 0.004 0 1.423-1.154 2.577-2.577 2.577-0.001 0-0.002 0-0.003 0h0zM26.556 26.562h-4.441v-6.959c0-1.66-0.034-3.795-2.314-3.795-2.316 0-2.669 1.806-2.669 3.673v7.082h-4.441v-14.311h4.266v1.951h0.058c0.828-1.395 2.326-2.315 4.039-2.315 0.061 0 0.121 0.001 0.181 0.003l-0.009-0c4.5 0 5.332 2.962 5.332 6.817v7.855z"
                            />
                          </svg>
                        </figure>
                      </a>
                    </div>
                    <p
                      class="is-size-6 has-text-centered has-text-link p-2"
                    >
                      Senior Digital Tax Specialist
                    </p>
                    <div
                      class="is-flex is-flex-direction-column is-align-items-center"
                    >
                      <div
                        class="collapsible-transition"
                        style="height: 120px;"
                      >
                        <div
                          class="collapsible-content"
                        >
                          <div
                            class="collapsible-gradient"
                            style="height: 120px;"
                          />
                          <p
                            class="is-size-6 has-text-centered has-text-grey p-2 line-height-18"
                          >
                            Joe is very motivated...
                          </p>
                        </div>
                      </div>
                      <button
                        class="icon-button collapsible-expand is-flex is-align-self-center"
                        style="height: 48px; width: 48px;"
                      >
                        <div>
                          <svg
                            class="is-flex is-align-self-center has-text-grey"
                            role="presentation"
                            style="width: 1.5rem; height: 1.5rem;"
                            viewBox="0 0 24 24"
                          >
                            <path
                              d="M7.41,8.58L12,13.17L16.59,8.58L18,10L12,16L6,10L7.41,8.58Z"
                              style="fill: currentColor;"
                            />
                          </svg>
                        </div>
                      </button>
                    </div>
                  </div>
                </div>
              </div>
            </div>
            <div
              class="bulma-column testimonials-card-column"
            >
              <div
                data-aos="fade-up"
                data-aos-delay="150"
              >
                <div
                  class="bulma-card"
                >
                  <img
                    alt="Picture of Adama"
                    class="testimonials-card-image"
                    loading="lazy"
                    src="http://localhost:5000/api/v1/content/assets/getNonVideoAsset?blobName=images/sections/testimonials/adama.webp"
                    title="Testimonials"
                  />
                  <div
                    class="bulma-card-content mt-6 testimonials-card-content"
                  >
                    <h3
                      class="is-size-5 has-text-centered has-text-weight-semibold mt-6 px-4 pt-4 pb-1"
                    >
                      Adama
                    </h3>
                    <div
                      class="is-flex is-justify-content-center"
                    >
                      <a
                        class="href "
                        href="https://www.linkedin.com/in/adama"
                        rel="noopener nofollow"
                        target="_blank"
                      >
                        <figure
                          class="bulma-image bulma-is-24x24"
                        >
                          <svg
                            class="is-flex is-align-self-center "
                            fill="#000000"
                            style="width: 1.5rem; height: 1.5rem;"
                            version="1.1"
                            viewBox="0 0 32 32"
                            xmlns="http://www.w3.org/2000/svg"
                          >
                            <path
                              d="M28.778 1.004h-25.56c-0.008-0-0.017-0-0.027-0-1.199 0-2.172 0.964-2.186 2.159v25.672c0.014 1.196 0.987 2.161 2.186 2.161 0.010 0 0.019-0 0.029-0h25.555c0.008 0 0.018 0 0.028 0 1.2 0 2.175-0.963 2.194-2.159l0-0.002v-25.67c-0.019-1.197-0.994-2.161-2.195-2.161-0.010 0-0.019 0-0.029 0h0.001zM9.9 26.562h-4.454v-14.311h4.454zM7.674 10.293c-1.425 0-2.579-1.155-2.579-2.579s1.155-2.579 2.579-2.579c1.424 0 2.579 1.154 2.579 2.578v0c0 0.001 0 0.002 0 0.004 0 1.423-1.154 2.577-2.577 2.577-0.001 0-0.002 0-0.003 0h0zM26.556 26.562h-4.441v-6.959c0-1.66-0.034-3.795-2.314-3.795-2.316 0-2.669 1.806-2.669 3.673v7.082h-4.441v-14.311h4.266v1.951h0.058c0.828-1.395 2.326-2.315 4.039-2.315 0.061 0 0.121 0.001 0.181 0.003l-0.009-0c4.5 0 5.332 2.962 5.332 6.817v7.855z"
                            />
                          </svg>
                        </figure>
                      </a>
                    </div>
                    <p
                      class="is-size-6 has-text-centered has-text-link p-2"
                    >
                      Full-stack Developer chez DFDS POLSKA
                    </p>
                    <div
                      class="is-flex is-flex-direction-column is-align-items-center"
                    >
                      <div
                        class="collapsible-transition"
                      >
                        <div
                          class="collapsible-content"
                        >
                          <div
                            class="collapsible-gradient"
                          />
                          <p
                            class="is-size-6 has-text-centered has-text-grey p-2 line-height-18"
                          >
                            Joe have done very good work...
                          </p>
                        </div>
                      </div>
                      <button
                        class="icon-button collapsible-expand is-flex is-align-self-center"
                        style="height: 48px; width: 48px;"
                      >
                        <div>
                          <svg
                            class="is-flex is-align-self-center has-text-grey"
                            role="presentation"
                            style="width: 1.5rem; height: 1.5rem;"
                            viewBox="0 0 24 24"
                          >
                            <path
                              d="M7.41,8.58L12,13.17L16.59,8.58L18,10L12,16L6,10L7.41,8.58Z"
                              style="fill: currentColor;"
                            />
                          </svg>
                        </div>
                      </button>
                    </div>
                  </div>
                </div>
              </div>
            </div>
            <div
              class="bulma-column testimonials-card-column"
            >
              <div
                data-aos="fade-up"
                data-aos-delay="250"
              >
                <div
                  class="bulma-card"
                >
                  <img
                    alt="Picture of Scott"
                    class="testimonials-card-image"
                    loading="lazy"
                    src="http://localhost:5000/api/v1/content/assets/getNonVideoAsset?blobName=images/sections/testimonials/scott.webp"
                    title="Testimonials"
                  />
                  <div
                    class="bulma-card-content mt-6 testimonials-card-content"
                  >
                    <h3
                      class="is-size-5 has-text-centered has-text-weight-semibold mt-6 px-4 pt-4 pb-1"
                    >
                      Scott
                    </h3>
                    <div
                      class="is-flex is-justify-content-center"
                    >
                      <a
                        class="href "
                        href="https://www.linkedin.com/in/scott"
                        rel="noopener nofollow"
                        target="_blank"
                      >
                        <figure
                          class="bulma-image bulma-is-24x24"
                        >
                          <svg
                            class="is-flex is-align-self-center "
                            fill="#000000"
                            style="width: 1.5rem; height: 1.5rem;"
                            version="1.1"
                            viewBox="0 0 32 32"
                            xmlns="http://www.w3.org/2000/svg"
                          >
                            <path
                              d="M28.778 1.004h-25.56c-0.008-0-0.017-0-0.027-0-1.199 0-2.172 0.964-2.186 2.159v25.672c0.014 1.196 0.987 2.161 2.186 2.161 0.010 0 0.019-0 0.029-0h25.555c0.008 0 0.018 0 0.028 0 1.2 0 2.175-0.963 2.194-2.159l0-0.002v-25.67c-0.019-1.197-0.994-2.161-2.195-2.161-0.010 0-0.019 0-0.029 0h0.001zM9.9 26.562h-4.454v-14.311h4.454zM7.674 10.293c-1.425 0-2.579-1.155-2.579-2.579s1.155-2.579 2.579-2.579c1.424 0 2.579 1.154 2.579 2.578v0c0 0.001 0 0.002 0 0.004 0 1.423-1.154 2.577-2.577 2.577-0.001 0-0.002 0-0.003 0h0zM26.556 26.562h-4.441v-6.959c0-1.66-0.034-3.795-2.314-3.795-2.316 0-2.669 1.806-2.669 3.673v7.082h-4.441v-14.311h4.266v1.951h0.058c0.828-1.395 2.326-2.315 4.039-2.315 0.061 0 0.121 0.001 0.181 0.003l-0.009-0c4.5 0 5.332 2.962 5.332 6.817v7.855z"
                            />
                          </svg>
                        </figure>
                      </a>
                    </div>
                    <p
                      class="is-size-6 has-text-centered has-text-link p-2"
                    >
                      BPO
                    </p>
                    <div
                      class="is-flex is-flex-direction-column is-align-items-center"
                    >
                      <div
                        class="collapsible-transition"
                      >
                        <div
                          class="collapsible-content"
                        >
                          <div
                            class="collapsible-gradient"
                          />
                          <p
                            class="is-size-6 has-text-centered has-text-grey p-2 line-height-18"
                          >
                            Joe is one of those rare talents...
                          </p>
                        </div>
                      </div>
                      <button
                        class="icon-button collapsible-expand is-flex is-align-self-center"
                        style="height: 48px; width: 48px;"
                      >
                        <div>
                          <svg
                            class="is-flex is-align-self-center has-text-grey"
                            role="presentation"
                            style="width: 1.5rem; height: 1.5rem;"
                            viewBox="0 0 24 24"
                          >
                            <path
                              d="M7.41,8.58L12,13.17L16.59,8.58L18,10L12,16L6,10L7.41,8.58Z"
                              style="fill: currentColor;"
                            />
                          </svg>
                        </div>
                      </button>
                    </div>
                  </div>
                </div>
              </div>
            </div>
          </div>
        </div>
      </div>
    </section>
  </div>,
  "debug": [Function],
  "findAllByAltText": [Function],
  "findAllByDisplayValue": [Function],
  "findAllByLabelText": [Function],
  "findAllByPlaceholderText": [Function],
  "findAllByRole": [Function],
  "findAllByTestId": [Function],
  "findAllByText": [Function],
  "findAllByTitle": [Function],
  "findByAltText": [Function],
  "findByDisplayValue": [Function],
  "findByLabelText": [Function],
  "findByPlaceholderText": [Function],
  "findByRole": [Function],
  "findByTestId": [Function],
  "findByText": [Function],
  "findByTitle": [Function],
  "getAllByAltText": [Function],
  "getAllByDisplayValue": [Function],
  "getAllByLabelText": [Function],
  "getAllByPlaceholderText": [Function],
  "getAllByRole": [Function],
  "getAllByTestId": [Function],
  "getAllByText": [Function],
  "getAllByTitle": [Function],
  "getByAltText": [Function],
  "getByDisplayValue": [Function],
  "getByLabelText": [Function],
  "getByPlaceholderText": [Function],
  "getByRole": [Function],
  "getByTestId": [Function],
  "getByText": [Function],
  "getByTitle": [Function],
  "queryAllByAltText": [Function],
  "queryAllByDisplayValue": [Function],
  "queryAllByLabelText": [Function],
  "queryAllByPlaceholderText": [Function],
  "queryAllByRole": [Function],
  "queryAllByTestId": [Function],
  "queryAllByText": [Function],
  "queryAllByTitle": [Function],
  "queryByAltText": [Function],
  "queryByDisplayValue": [Function],
  "queryByLabelText": [Function],
  "queryByPlaceholderText": [Function],
  "queryByRole": [Function],
  "queryByTestId": [Function],
  "queryByText": [Function],
  "queryByTitle": [Function],
  "rerender": [Function],
  "unmount": [Function],
}
`;
