// Jest Snapshot v1, https://goo.gl/fbAQLP

exports[`Test account group component: updatePasswordView. Renders correctly '<UpdatePasswordView />' when content is loaded. 1`] = `
<section>
  <WithStyles(ForwardRef(Container))
    maxWidth="sm"
  >
    <Styled(MuiBox)
      pb={10}
      pt={18}
    >
      <WithStyles(ForwardRef(Card))
        elevation={4}
      >
        <WithStyles(ForwardRef(CardContent))
          className="makeStyles-card-1"
        >
          <Styled(MuiBox)
            mb={3}
            textAlign="center"
          >
            <AccountCircleIcon
              color="primary"
              style={
                Object {
                  "fontSize": 72,
                }
              }
            />
            <WithStyles(ForwardRef(Typography))
              color="textSecondary"
              component="h2"
              variant="h5"
            >
              Update Password
            </WithStyles(ForwardRef(Typography))>
          </Styled(MuiBox)>
          <Styled(MuiBox)>
            <WithStyles(ForwardRef(Grid))
              container={true}
              spacing={2}
            >
              <WithStyles(ForwardRef(Grid))
                item={true}
                xs={12}
              >
                <WithStyles(ForwardRef(TextField))
                  autoComplete="password"
                  disabled={false}
                  fullWidth={true}
                  id="newPassword"
                  label="New password"
                  name="newPassword"
                  onChange={[MockFunction]}
                  required={true}
                  value="user1password"
                  variant="outlined"
                />
              </WithStyles(ForwardRef(Grid))>
              <WithStyles(ForwardRef(Grid))
                item={true}
                xs={12}
              >
                <WithStyles(ForwardRef(TextField))
                  autoComplete="password"
                  disabled={false}
                  fullWidth={true}
                  id="verifyPassword"
                  label="Verify new password"
                  name="verifyPassword"
                  onChange={[MockFunction]}
                  required={true}
                  value="user1password"
                  variant="outlined"
                />
              </WithStyles(ForwardRef(Grid))>
            </WithStyles(ForwardRef(Grid))>
            <Styled(MuiBox)
              my={2}
            >
              <WithStyles(ForwardRef(Button))
                color="primary"
                disabled={false}
                fullWidth={true}
                onClick={[MockFunction]}
                type="submit"
                variant="contained"
              >
                Submit
              </WithStyles(ForwardRef(Button))>
            </Styled(MuiBox)>
          </Styled(MuiBox)>
        </WithStyles(ForwardRef(CardContent))>
      </WithStyles(ForwardRef(Card))>
    </Styled(MuiBox)>
  </WithStyles(ForwardRef(Container))>
</section>
`;
