// Jest Snapshot v1, https://goo.gl/fbAQLP

exports[`Test account group component: accountActivate should render correctly '<AccountActivate />' when content is loaded. 1`] = `
Object {
  "asFragment": [Function],
  "baseElement": <body>
    <div>
      <section>
        <div
          class="bulma-container bulma-is-max-desktop"
        >
          <div
            class="py-6"
          >
            <div
              class="bulma-card custom-card-margins"
            >
              <div
                class="bulma-card-content"
              >
                <div
                  class="custom-card-icon-background is-flex is-justify-content-center is-align-items-center my-6"
                >
                  <div
                    class="custom-card-icon-holder is-flex is-justify-content-center is-align-items-center"
                  >
                    <div>
                      <svg
                        class="is-flex is-align-self-center custom-card-icon has-text-info"
                        role="presentation"
                        style="width: 4.5rem; height: 4.5rem;"
                        viewBox="0 0 24 24"
                      >
                        <path
                          d="M13,9H11V7H13M13,17H11V11H13M12,2A10,10 0 0,0 2,12A10,10 0 0,0 12,22A10,10 0 0,0 22,12A10,10 0 0,0 12,2Z"
                          style="fill: currentColor;"
                        />
                      </svg>
                    </div>
                  </div>
                </div>
                <h2
                  class="bulma-title has-text-centered"
                />
                <div
                  class="my-5"
                >
                  <p
                    class="is-size-6 has-text-centered line-height-20"
                  />
                  <p
                    class="is-size-6 has-text-centered line-height-20"
                  />
                </div>
                <div
                  class="mb-4"
                />
              </div>
            </div>
          </div>
        </div>
      </section>
    </div>
  </body>,
  "container": <div>
    <section>
      <div
        class="bulma-container bulma-is-max-desktop"
      >
        <div
          class="py-6"
        >
          <div
            class="bulma-card custom-card-margins"
          >
            <div
              class="bulma-card-content"
            >
              <div
                class="custom-card-icon-background is-flex is-justify-content-center is-align-items-center my-6"
              >
                <div
                  class="custom-card-icon-holder is-flex is-justify-content-center is-align-items-center"
                >
                  <div>
                    <svg
                      class="is-flex is-align-self-center custom-card-icon has-text-info"
                      role="presentation"
                      style="width: 4.5rem; height: 4.5rem;"
                      viewBox="0 0 24 24"
                    >
                      <path
                        d="M13,9H11V7H13M13,17H11V11H13M12,2A10,10 0 0,0 2,12A10,10 0 0,0 12,22A10,10 0 0,0 22,12A10,10 0 0,0 12,2Z"
                        style="fill: currentColor;"
                      />
                    </svg>
                  </div>
                </div>
              </div>
              <h2
                class="bulma-title has-text-centered"
              />
              <div
                class="my-5"
              >
                <p
                  class="is-size-6 has-text-centered line-height-20"
                />
                <p
                  class="is-size-6 has-text-centered line-height-20"
                />
              </div>
              <div
                class="mb-4"
              />
            </div>
          </div>
        </div>
      </div>
    </section>
  </div>,
  "debug": [Function],
  "findAllByAltText": [Function],
  "findAllByDisplayValue": [Function],
  "findAllByLabelText": [Function],
  "findAllByPlaceholderText": [Function],
  "findAllByRole": [Function],
  "findAllByTestId": [Function],
  "findAllByText": [Function],
  "findAllByTitle": [Function],
  "findByAltText": [Function],
  "findByDisplayValue": [Function],
  "findByLabelText": [Function],
  "findByPlaceholderText": [Function],
  "findByRole": [Function],
  "findByTestId": [Function],
  "findByText": [Function],
  "findByTitle": [Function],
  "getAllByAltText": [Function],
  "getAllByDisplayValue": [Function],
  "getAllByLabelText": [Function],
  "getAllByPlaceholderText": [Function],
  "getAllByRole": [Function],
  "getAllByTestId": [Function],
  "getAllByText": [Function],
  "getAllByTitle": [Function],
  "getByAltText": [Function],
  "getByDisplayValue": [Function],
  "getByLabelText": [Function],
  "getByPlaceholderText": [Function],
  "getByRole": [Function],
  "getByTestId": [Function],
  "getByText": [Function],
  "getByTitle": [Function],
  "queryAllByAltText": [Function],
  "queryAllByDisplayValue": [Function],
  "queryAllByLabelText": [Function],
  "queryAllByPlaceholderText": [Function],
  "queryAllByRole": [Function],
  "queryAllByTestId": [Function],
  "queryAllByText": [Function],
  "queryAllByTitle": [Function],
  "queryByAltText": [Function],
  "queryByDisplayValue": [Function],
  "queryByLabelText": [Function],
  "queryByPlaceholderText": [Function],
  "queryByRole": [Function],
  "queryByTestId": [Function],
  "queryByText": [Function],
  "queryByTitle": [Function],
  "rerender": [Function],
  "unmount": [Function],
}
`;
