// Jest Snapshot v1, https://goo.gl/fbAQLP

exports[`Test component: unsubscribeView. Renders correctly '<UnsubscribeView />' when content is loaded. 1`] = `
<section
  className="makeStyles-section-1"
>
  <WithStyles(ForwardRef(Container))
    maxWidth="sm"
  >
    <Styled(MuiBox)
      py={15}
    >
      <WithStyles(ForwardRef(Card))
        elevation={4}
      >
        <WithStyles(ForwardRef(CardContent))
          className="makeStyles-card-2"
        >
          <Styled(MuiBox)
            mb={3}
            textAlign="center"
          >
            <Styled(MuiBox)
              mb={2}
              mt={2}
            >
              <WithStyles(ForwardRef(Typography))
                component="h4"
                gutterBottom={true}
                variant="h4"
              >
                Cancel your subscribtion
              </WithStyles(ForwardRef(Typography))>
            </Styled(MuiBox)>
            <Styled(MuiBox)
              mb={2}
              mt={5}
            >
              <WithStyles(ForwardRef(Typography))
                color="textSecondary"
                component="h6"
                variant="h6"
              >
                We are sorry to see you go...
              </WithStyles(ForwardRef(Typography))>
            </Styled(MuiBox)>
            <Styled(MuiBox)
              mb={2}
              mt={5}
            >
              <WithStyles(ForwardRef(Typography))
                color="textSecondary"
                variant="body1"
              >
                ...but we understand there are circumstances
              </WithStyles(ForwardRef(Typography))>
            </Styled(MuiBox)>
            <Styled(MuiBox)
              mb={7}
              mt={5}
            >
              <WithStyles(ForwardRef(Typography))
                color="textSecondary"
                variant="body1"
              >
                Please contact us should you have any questions
              </WithStyles(ForwardRef(Typography))>
            </Styled(MuiBox)>
            <WithStyles(ForwardRef(Button))
              color="primary"
              disabled={true}
              fullWidth={true}
              onClick={[MockFunction]}
              type="submit"
              variant="contained"
            >
              Unsubscribe Now
            </WithStyles(ForwardRef(Button))>
          </Styled(MuiBox)>
        </WithStyles(ForwardRef(CardContent))>
      </WithStyles(ForwardRef(Card))>
    </Styled(MuiBox)>
  </WithStyles(ForwardRef(Container))>
</section>
`;
