// Jest Snapshot v1, https://goo.gl/fbAQLP

exports[`Test account group component: updatePasswordView. Renders correctly '<UpdatePasswordView />' when content is loaded. 1`] = `
<section
  className="makeStyles-section-1"
>
  <WithStyles(ForwardRef(Container))
    maxWidth="sm"
  >
    <Styled(MuiBox)
      pb={10}
      pt={18}
    >
      <WithStyles(ForwardRef(Card))
        className="makeStyles-card-4"
        elevation={0}
      >
        <WithStyles(ForwardRef(CardContent))
          className="makeStyles-card_content-5"
        >
          <Styled(MuiBox)
            mb={3}
            textAlign="center"
          >
            <Memo(ForwardRef(AccountCircleIcon))
              className="makeStyles-account-2"
            />
            <WithStyles(ForwardRef(Typography))
              className="makeStyles-caption-3"
            >
              Update Password
            </WithStyles(ForwardRef(Typography))>
          </Styled(MuiBox)>
          <Styled(MuiBox)>
            <WithStyles(ForwardRef(Grid))
              container={true}
              spacing={2}
            >
              <WithStyles(ForwardRef(Grid))
                item={true}
                xs={12}
              >
                <WithStyles(ForwardRef(TextField))
                  autoComplete="password"
                  disabled={false}
                  fullWidth={true}
                  id="newPassword"
                  label="New password"
                  name="newPassword"
                  onChange={[MockFunction]}
                  onKeyUp={[MockFunction]}
                  required={true}
                  type="password"
                  value="user1password"
                  variant="outlined"
                />
              </WithStyles(ForwardRef(Grid))>
              <WithStyles(ForwardRef(Grid))
                item={true}
                xs={12}
              >
                <WithStyles(ForwardRef(TextField))
                  autoComplete="password"
                  disabled={false}
                  fullWidth={true}
                  id="verifyPassword"
                  label="Verify password"
                  name="verifyPassword"
                  onChange={[MockFunction]}
                  onKeyUp={[MockFunction]}
                  required={true}
                  type="password"
                  value="user1password"
                  variant="outlined"
                />
              </WithStyles(ForwardRef(Grid))>
            </WithStyles(ForwardRef(Grid))>
            <Styled(MuiBox)
              my={2}
            >
              <ActiveButton
                button="Submit"
                buttonHandler={[MockFunction]}
                caption="Update Password"
                disableForm={false}
                formHandler={[MockFunction]}
                isLoading={false}
                keyHandler={[MockFunction]}
                labelNewPassword="New password"
                labelVerifyPassword="Verify password"
                newPassword="user1password"
                progress={false}
                verifyPassword="user1password"
              />
            </Styled(MuiBox)>
          </Styled(MuiBox)>
        </WithStyles(ForwardRef(CardContent))>
      </WithStyles(ForwardRef(Card))>
    </Styled(MuiBox)>
  </WithStyles(ForwardRef(Container))>
</section>
`;
