// Jest Snapshot v1, https://goo.gl/fbAQLP

exports[`test component: showcaseView should render correctly '<ShowcaseView />' when content is loaded. 1`] = `
Object {
  "asFragment": [Function],
  "baseElement": <body>
    <div>
      <section>
        <div
          class="bulma-container"
        >
          <div
            class="py-6"
          >
            <div
              data-aos="fade-down"
              data-aos-delay="0"
            >
              <p
                class="is-size-3	has-text-centered has-text-link"
              >
                SHOWCASE
              </p>
            </div>
            <div
              data-aos="fade-up"
              data-aos-delay="0"
            >
              <div
                class="bulma-columns m-6"
              >
                <div
                  class="bulma-column p-0 is-flex is-flex-direction-column is-align-self-center"
                >
                  <h2
                    class="is-size-3 py-5 has-text-black"
                  >
                    Most notable projects
                  </h2>
                  <p
                    class="is-size-5 py-3 pr-6 has-text-grey line-height-18"
                  >
                    Let's look at some of...
                  </p>
                  <div
                    class="has-text-left py-5"
                  >
                    <a
                      class="link"
                      href="/en/showcase"
                      rel="noopener nofollow"
                    >
                      <button
                        class="bulma-button bulma-is-link bulma-is-light"
                      >
                        Go to showcase
                      </button>
                    </a>
                  </div>
                </div>
                <div
                  class="bulma-column p-0"
                >
                  <div
                    class="bulma-card"
                  >
                    <div
                      class="bulma-card-image"
                    >
                      <figure
                        class="bulma-image"
                      >
                        <img
                          alt="An image illustrating showcase section"
                          class="showcase-feature-image lazyloaded"
                          loading="lazy"
                          src="http://localhost:5000/api/v1/content/assets/getNonVideoAsset?blobName=images/sections/showcase/image.webp"
                          title="Illustration"
                        />
                      </figure>
                    </div>
                  </div>
                </div>
              </div>
            </div>
          </div>
        </div>
      </section>
    </div>
  </body>,
  "container": <div>
    <section>
      <div
        class="bulma-container"
      >
        <div
          class="py-6"
        >
          <div
            data-aos="fade-down"
            data-aos-delay="0"
          >
            <p
              class="is-size-3	has-text-centered has-text-link"
            >
              SHOWCASE
            </p>
          </div>
          <div
            data-aos="fade-up"
            data-aos-delay="0"
          >
            <div
              class="bulma-columns m-6"
            >
              <div
                class="bulma-column p-0 is-flex is-flex-direction-column is-align-self-center"
              >
                <h2
                  class="is-size-3 py-5 has-text-black"
                >
                  Most notable projects
                </h2>
                <p
                  class="is-size-5 py-3 pr-6 has-text-grey line-height-18"
                >
                  Let's look at some of...
                </p>
                <div
                  class="has-text-left py-5"
                >
                  <a
                    class="link"
                    href="/en/showcase"
                    rel="noopener nofollow"
                  >
                    <button
                      class="bulma-button bulma-is-link bulma-is-light"
                    >
                      Go to showcase
                    </button>
                  </a>
                </div>
              </div>
              <div
                class="bulma-column p-0"
              >
                <div
                  class="bulma-card"
                >
                  <div
                    class="bulma-card-image"
                  >
                    <figure
                      class="bulma-image"
                    >
                      <img
                        alt="An image illustrating showcase section"
                        class="showcase-feature-image lazyloaded"
                        loading="lazy"
                        src="http://localhost:5000/api/v1/content/assets/getNonVideoAsset?blobName=images/sections/showcase/image.webp"
                        title="Illustration"
                      />
                    </figure>
                  </div>
                </div>
              </div>
            </div>
          </div>
        </div>
      </div>
    </section>
  </div>,
  "debug": [Function],
  "findAllByAltText": [Function],
  "findAllByDisplayValue": [Function],
  "findAllByLabelText": [Function],
  "findAllByPlaceholderText": [Function],
  "findAllByRole": [Function],
  "findAllByTestId": [Function],
  "findAllByText": [Function],
  "findAllByTitle": [Function],
  "findByAltText": [Function],
  "findByDisplayValue": [Function],
  "findByLabelText": [Function],
  "findByPlaceholderText": [Function],
  "findByRole": [Function],
  "findByTestId": [Function],
  "findByText": [Function],
  "findByTitle": [Function],
  "getAllByAltText": [Function],
  "getAllByDisplayValue": [Function],
  "getAllByLabelText": [Function],
  "getAllByPlaceholderText": [Function],
  "getAllByRole": [Function],
  "getAllByTestId": [Function],
  "getAllByText": [Function],
  "getAllByTitle": [Function],
  "getByAltText": [Function],
  "getByDisplayValue": [Function],
  "getByLabelText": [Function],
  "getByPlaceholderText": [Function],
  "getByRole": [Function],
  "getByTestId": [Function],
  "getByText": [Function],
  "getByTitle": [Function],
  "queryAllByAltText": [Function],
  "queryAllByDisplayValue": [Function],
  "queryAllByLabelText": [Function],
  "queryAllByPlaceholderText": [Function],
  "queryAllByRole": [Function],
  "queryAllByTestId": [Function],
  "queryAllByText": [Function],
  "queryAllByTitle": [Function],
  "queryByAltText": [Function],
  "queryByDisplayValue": [Function],
  "queryByLabelText": [Function],
  "queryByPlaceholderText": [Function],
  "queryByRole": [Function],
  "queryByTestId": [Function],
  "queryByText": [Function],
  "queryByTitle": [Function],
  "rerender": [Function],
  "unmount": [Function],
}
`;
