// Jest Snapshot v1, https://goo.gl/fbAQLP

exports[`Test component: footerView. Renders correctly '<FooterView />' when content is loaded. 1`] = `
<footer
  className="makeStyles-root-1"
>
  <WithStyles(ForwardRef(Container))
    maxWidth="lg"
  >
    <div
      data-aos="zoom-in"
    >
      <Styled(MuiBox)
        alignItems="center"
        display="flex"
        flexWrap="wrap"
        pb={0}
        pt={6}
      >
        <WithStyles(ForwardRef(Typography))
          className="makeStyles-copy-4"
          component="p"
          gutterBottom={false}
        >
          Â© 2020 - 2021 Tomasz Kandula
           | 
          All rights reserved
           | 
          <SetTermsLink />
           | 
          <SetPolicyLink />
        </WithStyles(ForwardRef(Typography))>
        <Styled(MuiBox)
          className="makeStyles-icon_box-2"
          ml="auto"
        >
          <WithStyles(ForwardRef(IconButton))
            aria-label="LinkedInIcon"
            className="makeStyles-icon-3"
            color="default"
            href="https://www.linkedin.com/"
            key="0"
            target="_blank"
          >
            <Memo(ForwardRef(LinkedInIcon)) />
          </WithStyles(ForwardRef(IconButton))>
        </Styled(MuiBox)>
      </Styled(MuiBox)>
      <RenderVersionInfo />
    </div>
  </WithStyles(ForwardRef(Container))>
</footer>
`;
