// Jest Snapshot v1, https://goo.gl/fbAQLP

exports[`Test account group component: resetPasswordView. Renders correctly '<ResetPasswordView />' when content is loaded. 1`] = `
<section
  className="makeStyles-section-1"
>
  <WithStyles(ForwardRef(Container))
    maxWidth="sm"
  >
    <Styled(MuiBox)
      pb={10}
      pt={18}
    >
      <WithStyles(ForwardRef(Card))
        className="makeStyles-card-4"
        elevation={0}
      >
        <WithStyles(ForwardRef(CardContent))
          className="makeStyles-card_content-5"
        >
          <Styled(MuiBox)
            mb={3}
            textAlign="center"
          >
            <Memo(ForwardRef(AccountCircleIcon))
              className="makeStyles-account-2"
            />
            <WithStyles(ForwardRef(Typography))
              className="makeStyles-caption-3"
            >
              Password Reset
            </WithStyles(ForwardRef(Typography))>
          </Styled(MuiBox)>
          <Styled(MuiBox)>
            <WithStyles(ForwardRef(Grid))
              container={true}
              spacing={2}
            >
              <WithStyles(ForwardRef(Grid))
                item={true}
                xs={12}
              >
                <WithStyles(ForwardRef(TextField))
                  autoComplete="email"
                  fullWidth={true}
                  id="email"
                  label="Email address"
                  name="email"
                  onChange={[MockFunction]}
                  required={true}
                  value="tokan@dfds.com"
                  variant="outlined"
                />
              </WithStyles(ForwardRef(Grid))>
            </WithStyles(ForwardRef(Grid))>
            <Styled(MuiBox)
              my={2}
            >
              <ActiveButton />
            </Styled(MuiBox)>
          </Styled(MuiBox)>
        </WithStyles(ForwardRef(CardContent))>
      </WithStyles(ForwardRef(Card))>
    </Styled(MuiBox)>
  </WithStyles(ForwardRef(Container))>
</section>
`;
