// Jest Snapshot v1, https://goo.gl/fbAQLP

exports[`test component: newsletterRemoveView should render correctly '<NewsletterRemoveView />' when content is loaded. 1`] = `
Object {
  "asFragment": [Function],
  "baseElement": <body>
    <div>
      <section>
        <div
          class="bulma-container bulma-is-max-desktop"
        >
          <div
            class="py-6"
          >
            <div
              class="bulma-card "
            >
              <div
                class="bulma-card-content"
              >
                <div
                  class="custom-card-icon-background is-flex is-justify-content-center is-align-items-center my-6"
                >
                  <div
                    class="custom-card-icon-holder is-flex is-justify-content-center is-align-items-center"
                  >
                    <div>
                      <svg
                        class="is-flex is-align-self-center custom-card-icon has-text-info"
                        role="presentation"
                        style="width: 4.5rem; height: 4.5rem;"
                        viewBox="0 0 24 24"
                      >
                        <path
                          d="M20,8L12,13L4,8V6L12,11L20,6M20,4H4C2.89,4 2,4.89 2,6V18A2,2 0 0,0 4,20H20A2,2 0 0,0 22,18V6C22,4.89 21.1,4 20,4Z"
                          style="fill: currentColor;"
                        />
                      </svg>
                    </div>
                  </div>
                </div>
                <h2
                  class="bulma-title has-text-centered"
                >
                  Cancel your subscribtion
                </h2>
                <div
                  class="my-5"
                >
                  <p
                    class="is-size-6 has-text-centered line-height-20"
                  >
                    We are sorry to see you go...
                  </p>
                  <p
                    class="is-size-6 has-text-centered line-height-20"
                  >
                    ...but we understand there are circumstances
                  </p>
                  <p
                    class="is-size-6 has-text-centered line-height-20"
                  >
                    Please contact us should you have any questions
                  </p>
                </div>
                <div
                  class="mt-6"
                >
                  <button
                    class="bulma-button bulma-is-light bulma-is-fullwidth"
                    disabled=""
                    type="submit"
                  >
                    Unsubscribe
                  </button>
                </div>
                <div
                  class="mb-2"
                />
              </div>
            </div>
          </div>
        </div>
      </section>
    </div>
  </body>,
  "container": <div>
    <section>
      <div
        class="bulma-container bulma-is-max-desktop"
      >
        <div
          class="py-6"
        >
          <div
            class="bulma-card "
          >
            <div
              class="bulma-card-content"
            >
              <div
                class="custom-card-icon-background is-flex is-justify-content-center is-align-items-center my-6"
              >
                <div
                  class="custom-card-icon-holder is-flex is-justify-content-center is-align-items-center"
                >
                  <div>
                    <svg
                      class="is-flex is-align-self-center custom-card-icon has-text-info"
                      role="presentation"
                      style="width: 4.5rem; height: 4.5rem;"
                      viewBox="0 0 24 24"
                    >
                      <path
                        d="M20,8L12,13L4,8V6L12,11L20,6M20,4H4C2.89,4 2,4.89 2,6V18A2,2 0 0,0 4,20H20A2,2 0 0,0 22,18V6C22,4.89 21.1,4 20,4Z"
                        style="fill: currentColor;"
                      />
                    </svg>
                  </div>
                </div>
              </div>
              <h2
                class="bulma-title has-text-centered"
              >
                Cancel your subscribtion
              </h2>
              <div
                class="my-5"
              >
                <p
                  class="is-size-6 has-text-centered line-height-20"
                >
                  We are sorry to see you go...
                </p>
                <p
                  class="is-size-6 has-text-centered line-height-20"
                >
                  ...but we understand there are circumstances
                </p>
                <p
                  class="is-size-6 has-text-centered line-height-20"
                >
                  Please contact us should you have any questions
                </p>
              </div>
              <div
                class="mt-6"
              >
                <button
                  class="bulma-button bulma-is-light bulma-is-fullwidth"
                  disabled=""
                  type="submit"
                >
                  Unsubscribe
                </button>
              </div>
              <div
                class="mb-2"
              />
            </div>
          </div>
        </div>
      </div>
    </section>
  </div>,
  "debug": [Function],
  "findAllByAltText": [Function],
  "findAllByDisplayValue": [Function],
  "findAllByLabelText": [Function],
  "findAllByPlaceholderText": [Function],
  "findAllByRole": [Function],
  "findAllByTestId": [Function],
  "findAllByText": [Function],
  "findAllByTitle": [Function],
  "findByAltText": [Function],
  "findByDisplayValue": [Function],
  "findByLabelText": [Function],
  "findByPlaceholderText": [Function],
  "findByRole": [Function],
  "findByTestId": [Function],
  "findByText": [Function],
  "findByTitle": [Function],
  "getAllByAltText": [Function],
  "getAllByDisplayValue": [Function],
  "getAllByLabelText": [Function],
  "getAllByPlaceholderText": [Function],
  "getAllByRole": [Function],
  "getAllByTestId": [Function],
  "getAllByText": [Function],
  "getAllByTitle": [Function],
  "getByAltText": [Function],
  "getByDisplayValue": [Function],
  "getByLabelText": [Function],
  "getByPlaceholderText": [Function],
  "getByRole": [Function],
  "getByTestId": [Function],
  "getByText": [Function],
  "getByTitle": [Function],
  "queryAllByAltText": [Function],
  "queryAllByDisplayValue": [Function],
  "queryAllByLabelText": [Function],
  "queryAllByPlaceholderText": [Function],
  "queryAllByRole": [Function],
  "queryAllByTestId": [Function],
  "queryAllByText": [Function],
  "queryAllByTitle": [Function],
  "queryByAltText": [Function],
  "queryByDisplayValue": [Function],
  "queryByLabelText": [Function],
  "queryByPlaceholderText": [Function],
  "queryByRole": [Function],
  "queryByTestId": [Function],
  "queryByText": [Function],
  "queryByTitle": [Function],
  "rerender": [Function],
  "unmount": [Function],
}
`;
