// Jest Snapshot v1, https://goo.gl/fbAQLP

exports[`Test articles group component: articleListView. Renders correctly '<ArticleListView />' when content is loaded. 1`] = `
<section>
  <WithStyles(ForwardRef(Container))
    className="makeStyles-container-1"
  >
    <Styled(MuiBox)
      pb={8}
      pt={12}
    >
      <div
        data-aos="fade-down"
      >
        <Link
          to="/"
        >
          <WithStyles(ForwardRef(IconButton))>
            <Memo(ForwardRef(ArrowBackIcon)) />
          </WithStyles(ForwardRef(IconButton))>
        </Link>
        <WithStyles(ForwardRef(Divider))
          className="makeStyles-divider-2"
        />
      </div>
      <WithStyles(ForwardRef(Grid))
        container={true}
        justify="center"
      >
        <WithStyles(ForwardRef(Grid))
          item={true}
          sm={12}
          xs={12}
        >
          <ArticleCard
            description="Some article"
            id="8919332f-6654-4346-946f-5204cb7a3234"
            key="8919332f-6654-4346-946f-5204cb7a3234"
            title="Test article"
          />
        </WithStyles(ForwardRef(Grid))>
      </WithStyles(ForwardRef(Grid))>
    </Styled(MuiBox)>
  </WithStyles(ForwardRef(Container))>
</section>
`;
