// Jest Snapshot v1, https://goo.gl/fbAQLP

exports[`test component: contactFormView should render correctly '<ContactFormView />' when content is loaded. 1`] = `
Object {
  "asFragment": [Function],
  "baseElement": <body>
    <div>
      <section>
        <div
          class="bulma-container bulma-is-max-desktop"
        >
          <div
            class="p-6"
          >
            <div
              data-aos="fade-down"
              data-aos-delay="0"
            >
              <p
                class="is-size-3	has-text-centered has-text-link"
              >
                CONTACT ME
              </p>
            </div>
            <div
              class="px-6"
            >
              <div
                class="bulma-card "
              >
                <div
                  class="bulma-card-content background-colour-inherited"
                >
                  <div
                    class="is-flex is-flex-direction-column is-align-items-center"
                  >
                    <div>
                      <svg
                        class="is-flex is-align-self-center has-text-link"
                        role="presentation"
                        style="width: 4.5rem; height: 4.5rem;"
                        viewBox="0 0 24 24"
                      >
                        <path
                          d="M21,8V7L18,9L15,7V8L18,10M22,3H2A2,2 0 0,0 0,5V19A2,2 0 0,0 2,21H22A2,2 0 0,0 24,19V5A2,2 0 0,0 22,3M8,6A3,3 0 0,1 11,9A3,3 0 0,1 8,12A3,3 0 0,1 5,9A3,3 0 0,1 8,6M14,18H2V17C2,15 6,13.9 8,13.9C10,13.9 14,15 14,17M22,12H14V6H22"
                          style="fill: currentColor;"
                        />
                      </svg>
                    </div>
                    <p
                      class="is-size-3 has-text-grey"
                    >
                      Contact me
                    </p>
                  </div>
                  <div
                    class="pt-5"
                  >
                    <div
                      class="bulma-columns"
                    >
                      <div
                        class="bulma-column"
                      >
                        <div
                          data-aos="zoom-in"
                          data-aos-delay="0"
                        >
                          <div
                            class="bulma-control  "
                          >
                            <input
                              autocomplete="fname"
                              class="bulma-input   "
                              id="firstName"
                              name="firstName"
                              placeholder="First name"
                              required=""
                              type="text"
                              value="Ester"
                            />
                          </div>
                        </div>
                      </div>
                      <div
                        class="bulma-column"
                      >
                        <div
                          data-aos="zoom-in"
                          data-aos-delay="0"
                        >
                          <div
                            class="bulma-control  "
                          >
                            <input
                              autocomplete="lname"
                              class="bulma-input   "
                              id="lastName"
                              name="lastName"
                              placeholder="Last name"
                              required=""
                              type="text"
                              value="Exposito"
                            />
                          </div>
                        </div>
                      </div>
                    </div>
                    <div
                      class="bulma-columns"
                    >
                      <div
                        class="bulma-column"
                      >
                        <div
                          data-aos="zoom-in"
                          data-aos-delay="0"
                        >
                          <div
                            class="bulma-control  "
                          >
                            <input
                              autocomplete="email"
                              class="bulma-input   "
                              id="email"
                              name="email"
                              placeholder="Email address"
                              required=""
                              type="text"
                              value="ester.exposito@gmail.com"
                            />
                          </div>
                        </div>
                      </div>
                    </div>
                    <div
                      class="bulma-columns"
                    >
                      <div
                        class="bulma-column"
                      >
                        <div
                          data-aos="zoom-in"
                          data-aos-delay="0"
                        >
                          <div
                            class="bulma-control  "
                          >
                            <input
                              autocomplete="subject"
                              class="bulma-input   "
                              id="subject"
                              name="subject"
                              placeholder="Subject"
                              required=""
                              type="text"
                              value="Test subject"
                            />
                          </div>
                        </div>
                      </div>
                    </div>
                    <div
                      class="bulma-columns"
                    >
                      <div
                        class="bulma-column"
                      >
                        <div
                          data-aos="zoom-in"
                          data-aos-delay="0"
                        >
                          <div
                            class="bulma-field"
                          >
                            <div
                              class="bulma-control  "
                            >
                              <textarea
                                class="bulma-textarea   bulma-has-fixed-size"
                                id="message"
                                name="message"
                                placeholder="Message"
                                required=""
                              >
                                Test message...
                              </textarea>
                            </div>
                          </div>
                        </div>
                      </div>
                    </div>
                    <div
                      class="bulma-content"
                    >
                      <div
                        class="bulma-notification"
                      >
                        <p
                          class="is-size-6"
                        >
                          I agree!
                        </p>
                      </div>
                      <div
                        data-aos="fade-up"
                        data-aos-delay="0"
                      >
                        <button
                          class="bulma-button bulma-is-link bulma-is-light bulma-is-fullwidth"
                          type="submit"
                        >
                          Submit
                        </button>
                      </div>
                    </div>
                  </div>
                </div>
              </div>
            </div>
          </div>
        </div>
      </section>
    </div>
  </body>,
  "container": <div>
    <section>
      <div
        class="bulma-container bulma-is-max-desktop"
      >
        <div
          class="p-6"
        >
          <div
            data-aos="fade-down"
            data-aos-delay="0"
          >
            <p
              class="is-size-3	has-text-centered has-text-link"
            >
              CONTACT ME
            </p>
          </div>
          <div
            class="px-6"
          >
            <div
              class="bulma-card "
            >
              <div
                class="bulma-card-content background-colour-inherited"
              >
                <div
                  class="is-flex is-flex-direction-column is-align-items-center"
                >
                  <div>
                    <svg
                      class="is-flex is-align-self-center has-text-link"
                      role="presentation"
                      style="width: 4.5rem; height: 4.5rem;"
                      viewBox="0 0 24 24"
                    >
                      <path
                        d="M21,8V7L18,9L15,7V8L18,10M22,3H2A2,2 0 0,0 0,5V19A2,2 0 0,0 2,21H22A2,2 0 0,0 24,19V5A2,2 0 0,0 22,3M8,6A3,3 0 0,1 11,9A3,3 0 0,1 8,12A3,3 0 0,1 5,9A3,3 0 0,1 8,6M14,18H2V17C2,15 6,13.9 8,13.9C10,13.9 14,15 14,17M22,12H14V6H22"
                        style="fill: currentColor;"
                      />
                    </svg>
                  </div>
                  <p
                    class="is-size-3 has-text-grey"
                  >
                    Contact me
                  </p>
                </div>
                <div
                  class="pt-5"
                >
                  <div
                    class="bulma-columns"
                  >
                    <div
                      class="bulma-column"
                    >
                      <div
                        data-aos="zoom-in"
                        data-aos-delay="0"
                      >
                        <div
                          class="bulma-control  "
                        >
                          <input
                            autocomplete="fname"
                            class="bulma-input   "
                            id="firstName"
                            name="firstName"
                            placeholder="First name"
                            required=""
                            type="text"
                            value="Ester"
                          />
                        </div>
                      </div>
                    </div>
                    <div
                      class="bulma-column"
                    >
                      <div
                        data-aos="zoom-in"
                        data-aos-delay="0"
                      >
                        <div
                          class="bulma-control  "
                        >
                          <input
                            autocomplete="lname"
                            class="bulma-input   "
                            id="lastName"
                            name="lastName"
                            placeholder="Last name"
                            required=""
                            type="text"
                            value="Exposito"
                          />
                        </div>
                      </div>
                    </div>
                  </div>
                  <div
                    class="bulma-columns"
                  >
                    <div
                      class="bulma-column"
                    >
                      <div
                        data-aos="zoom-in"
                        data-aos-delay="0"
                      >
                        <div
                          class="bulma-control  "
                        >
                          <input
                            autocomplete="email"
                            class="bulma-input   "
                            id="email"
                            name="email"
                            placeholder="Email address"
                            required=""
                            type="text"
                            value="ester.exposito@gmail.com"
                          />
                        </div>
                      </div>
                    </div>
                  </div>
                  <div
                    class="bulma-columns"
                  >
                    <div
                      class="bulma-column"
                    >
                      <div
                        data-aos="zoom-in"
                        data-aos-delay="0"
                      >
                        <div
                          class="bulma-control  "
                        >
                          <input
                            autocomplete="subject"
                            class="bulma-input   "
                            id="subject"
                            name="subject"
                            placeholder="Subject"
                            required=""
                            type="text"
                            value="Test subject"
                          />
                        </div>
                      </div>
                    </div>
                  </div>
                  <div
                    class="bulma-columns"
                  >
                    <div
                      class="bulma-column"
                    >
                      <div
                        data-aos="zoom-in"
                        data-aos-delay="0"
                      >
                        <div
                          class="bulma-field"
                        >
                          <div
                            class="bulma-control  "
                          >
                            <textarea
                              class="bulma-textarea   bulma-has-fixed-size"
                              id="message"
                              name="message"
                              placeholder="Message"
                              required=""
                            >
                              Test message...
                            </textarea>
                          </div>
                        </div>
                      </div>
                    </div>
                  </div>
                  <div
                    class="bulma-content"
                  >
                    <div
                      class="bulma-notification"
                    >
                      <p
                        class="is-size-6"
                      >
                        I agree!
                      </p>
                    </div>
                    <div
                      data-aos="fade-up"
                      data-aos-delay="0"
                    >
                      <button
                        class="bulma-button bulma-is-link bulma-is-light bulma-is-fullwidth"
                        type="submit"
                      >
                        Submit
                      </button>
                    </div>
                  </div>
                </div>
              </div>
            </div>
          </div>
        </div>
      </div>
    </section>
  </div>,
  "debug": [Function],
  "findAllByAltText": [Function],
  "findAllByDisplayValue": [Function],
  "findAllByLabelText": [Function],
  "findAllByPlaceholderText": [Function],
  "findAllByRole": [Function],
  "findAllByTestId": [Function],
  "findAllByText": [Function],
  "findAllByTitle": [Function],
  "findByAltText": [Function],
  "findByDisplayValue": [Function],
  "findByLabelText": [Function],
  "findByPlaceholderText": [Function],
  "findByRole": [Function],
  "findByTestId": [Function],
  "findByText": [Function],
  "findByTitle": [Function],
  "getAllByAltText": [Function],
  "getAllByDisplayValue": [Function],
  "getAllByLabelText": [Function],
  "getAllByPlaceholderText": [Function],
  "getAllByRole": [Function],
  "getAllByTestId": [Function],
  "getAllByText": [Function],
  "getAllByTitle": [Function],
  "getByAltText": [Function],
  "getByDisplayValue": [Function],
  "getByLabelText": [Function],
  "getByPlaceholderText": [Function],
  "getByRole": [Function],
  "getByTestId": [Function],
  "getByText": [Function],
  "getByTitle": [Function],
  "queryAllByAltText": [Function],
  "queryAllByDisplayValue": [Function],
  "queryAllByLabelText": [Function],
  "queryAllByPlaceholderText": [Function],
  "queryAllByRole": [Function],
  "queryAllByTestId": [Function],
  "queryAllByText": [Function],
  "queryAllByTitle": [Function],
  "queryByAltText": [Function],
  "queryByDisplayValue": [Function],
  "queryByLabelText": [Function],
  "queryByPlaceholderText": [Function],
  "queryByRole": [Function],
  "queryByTestId": [Function],
  "queryByText": [Function],
  "queryByTitle": [Function],
  "rerender": [Function],
  "unmount": [Function],
}
`;
