// Jest Snapshot v1, https://goo.gl/fbAQLP

exports[`test render function 'getIcon' should render SVG icon based on input string. 1`] = `
Object {
  "asFragment": [Function],
  "baseElement": <body>
    <div>
      <div>
        <span
          aria-hidden="true"
          class="material-icons MuiIcon-root"
        >
          person
        </span>
        <span
          aria-hidden="true"
          class="material-icons MuiIcon-root"
        >
          personadd
        </span>
        <span
          aria-hidden="true"
          class="material-icons MuiIcon-root"
        >
          home
        </span>
        <span
          aria-hidden="true"
          class="material-icons MuiIcon-root"
        >
          viewlist
        </span>
        <span
          aria-hidden="true"
          class="material-icons MuiIcon-root"
        >
          subject
        </span>
        <span
          aria-hidden="true"
          class="material-icons MuiIcon-root"
        >
          build
        </span>
        <span
          aria-hidden="true"
          class="material-icons MuiIcon-root"
        >
          assignment
        </span>
        <span
          aria-hidden="true"
          class="material-icons MuiIcon-root"
        >
          star
        </span>
        <span
          aria-hidden="true"
          class="material-icons MuiIcon-root"
        >
          photocamera
        </span>
        <span
          aria-hidden="true"
          class="material-icons MuiIcon-root"
        >
          sportssoccer
        </span>
        <span
          aria-hidden="true"
          class="material-icons MuiIcon-root"
        >
          musicnote
        </span>
        <span
          aria-hidden="true"
          class="material-icons MuiIcon-root"
        >
          directionsbike
        </span>
        <span
          aria-hidden="true"
          class="material-icons MuiIcon-root"
        >
          contactmail
        </span>
        <span
          aria-hidden="true"
          class="material-icons MuiIcon-root"
        >
          gavel
        </span>
        <span
          aria-hidden="true"
          class="material-icons MuiIcon-root"
        >
          policy
        </span>
        <span
          aria-hidden="true"
          class="material-icons MuiIcon-root"
        >
          vpnkey
        </span>
        <span
          aria-hidden="true"
          class="material-icons MuiIcon-root"
        >
          lock
        </span>
        <span
          aria-hidden="true"
          class="material-icons MuiIcon-root"
        >
          unknown element renders apple icon
        </span>
      </div>
    </div>
  </body>,
  "container": <div>
    <div>
      <span
        aria-hidden="true"
        class="material-icons MuiIcon-root"
      >
        person
      </span>
      <span
        aria-hidden="true"
        class="material-icons MuiIcon-root"
      >
        personadd
      </span>
      <span
        aria-hidden="true"
        class="material-icons MuiIcon-root"
      >
        home
      </span>
      <span
        aria-hidden="true"
        class="material-icons MuiIcon-root"
      >
        viewlist
      </span>
      <span
        aria-hidden="true"
        class="material-icons MuiIcon-root"
      >
        subject
      </span>
      <span
        aria-hidden="true"
        class="material-icons MuiIcon-root"
      >
        build
      </span>
      <span
        aria-hidden="true"
        class="material-icons MuiIcon-root"
      >
        assignment
      </span>
      <span
        aria-hidden="true"
        class="material-icons MuiIcon-root"
      >
        star
      </span>
      <span
        aria-hidden="true"
        class="material-icons MuiIcon-root"
      >
        photocamera
      </span>
      <span
        aria-hidden="true"
        class="material-icons MuiIcon-root"
      >
        sportssoccer
      </span>
      <span
        aria-hidden="true"
        class="material-icons MuiIcon-root"
      >
        musicnote
      </span>
      <span
        aria-hidden="true"
        class="material-icons MuiIcon-root"
      >
        directionsbike
      </span>
      <span
        aria-hidden="true"
        class="material-icons MuiIcon-root"
      >
        contactmail
      </span>
      <span
        aria-hidden="true"
        class="material-icons MuiIcon-root"
      >
        gavel
      </span>
      <span
        aria-hidden="true"
        class="material-icons MuiIcon-root"
      >
        policy
      </span>
      <span
        aria-hidden="true"
        class="material-icons MuiIcon-root"
      >
        vpnkey
      </span>
      <span
        aria-hidden="true"
        class="material-icons MuiIcon-root"
      >
        lock
      </span>
      <span
        aria-hidden="true"
        class="material-icons MuiIcon-root"
      >
        unknown element renders apple icon
      </span>
    </div>
  </div>,
  "debug": [Function],
  "findAllByAltText": [Function],
  "findAllByDisplayValue": [Function],
  "findAllByLabelText": [Function],
  "findAllByPlaceholderText": [Function],
  "findAllByRole": [Function],
  "findAllByTestId": [Function],
  "findAllByText": [Function],
  "findAllByTitle": [Function],
  "findByAltText": [Function],
  "findByDisplayValue": [Function],
  "findByLabelText": [Function],
  "findByPlaceholderText": [Function],
  "findByRole": [Function],
  "findByTestId": [Function],
  "findByText": [Function],
  "findByTitle": [Function],
  "getAllByAltText": [Function],
  "getAllByDisplayValue": [Function],
  "getAllByLabelText": [Function],
  "getAllByPlaceholderText": [Function],
  "getAllByRole": [Function],
  "getAllByTestId": [Function],
  "getAllByText": [Function],
  "getAllByTitle": [Function],
  "getByAltText": [Function],
  "getByDisplayValue": [Function],
  "getByLabelText": [Function],
  "getByPlaceholderText": [Function],
  "getByRole": [Function],
  "getByTestId": [Function],
  "getByText": [Function],
  "getByTitle": [Function],
  "queryAllByAltText": [Function],
  "queryAllByDisplayValue": [Function],
  "queryAllByLabelText": [Function],
  "queryAllByPlaceholderText": [Function],
  "queryAllByRole": [Function],
  "queryAllByTestId": [Function],
  "queryAllByText": [Function],
  "queryAllByTitle": [Function],
  "queryByAltText": [Function],
  "queryByDisplayValue": [Function],
  "queryByLabelText": [Function],
  "queryByPlaceholderText": [Function],
  "queryByRole": [Function],
  "queryByTestId": [Function],
  "queryByText": [Function],
  "queryByTitle": [Function],
  "rerender": [Function],
  "unmount": [Function],
}
`;
