// Jest Snapshot v1, https://goo.gl/fbAQLP

exports[`test account group component: accessDeniedView should render correctly '<AccessDeniedView />' when content is loaded. 1`] = `
Object {
  "asFragment": [Function],
  "baseElement": <body>
    <div>
      <section>
        <div
          class="bulma-container bulma-is-max-desktop"
        >
          <div
            class="py-6"
          >
            <div
              class="bulma-card"
            >
              <div
                class="bulma-card-content"
              >
                <div
                  class="custom-card-icon-background is-flex is-justify-content-center my-6"
                >
                  <div
                    class="custom-card-icon-holder is-flex is-justify-content-center is-align-items-center"
                  >
                    <div>
                      <svg
                        class="is-flex is-align-self-center custom-card-icon has-text-danger"
                        role="presentation"
                        style="width: 4.5rem; height: 4.5rem;"
                        viewBox="0 0 24 24"
                      >
                        <path
                          d="M12,2C17.53,2 22,6.47 22,12C22,17.53 17.53,22 12,22C6.47,22 2,17.53 2,12C2,6.47 6.47,2 12,2M15.59,7L12,10.59L8.41,7L7,8.41L10.59,12L7,15.59L8.41,17L12,13.41L15.59,17L17,15.59L13.41,12L17,8.41L15.59,7Z"
                          style="fill: currentColor;"
                        />
                      </svg>
                    </div>
                  </div>
                </div>
                <h2
                  class="bulma-title has-text-centered"
                >
                  Access Denied
                </h2>
                <div
                  class="my-5"
                >
                  <p
                    class="is-size-6 has-text-centered line-height-20"
                  >
                    You do not have access to this page.
                  </p>
                  <p
                    class="is-size-6 has-text-centered line-height-20"
                  >
                    If you believe this is an error, please contact IT support.
                  </p>
                </div>
                <div
                  class="mb-4"
                />
              </div>
            </div>
          </div>
        </div>
      </section>
    </div>
  </body>,
  "container": <div>
    <section>
      <div
        class="bulma-container bulma-is-max-desktop"
      >
        <div
          class="py-6"
        >
          <div
            class="bulma-card"
          >
            <div
              class="bulma-card-content"
            >
              <div
                class="custom-card-icon-background is-flex is-justify-content-center my-6"
              >
                <div
                  class="custom-card-icon-holder is-flex is-justify-content-center is-align-items-center"
                >
                  <div>
                    <svg
                      class="is-flex is-align-self-center custom-card-icon has-text-danger"
                      role="presentation"
                      style="width: 4.5rem; height: 4.5rem;"
                      viewBox="0 0 24 24"
                    >
                      <path
                        d="M12,2C17.53,2 22,6.47 22,12C22,17.53 17.53,22 12,22C6.47,22 2,17.53 2,12C2,6.47 6.47,2 12,2M15.59,7L12,10.59L8.41,7L7,8.41L10.59,12L7,15.59L8.41,17L12,13.41L15.59,17L17,15.59L13.41,12L17,8.41L15.59,7Z"
                        style="fill: currentColor;"
                      />
                    </svg>
                  </div>
                </div>
              </div>
              <h2
                class="bulma-title has-text-centered"
              >
                Access Denied
              </h2>
              <div
                class="my-5"
              >
                <p
                  class="is-size-6 has-text-centered line-height-20"
                >
                  You do not have access to this page.
                </p>
                <p
                  class="is-size-6 has-text-centered line-height-20"
                >
                  If you believe this is an error, please contact IT support.
                </p>
              </div>
              <div
                class="mb-4"
              />
            </div>
          </div>
        </div>
      </div>
    </section>
  </div>,
  "debug": [Function],
  "findAllByAltText": [Function],
  "findAllByDisplayValue": [Function],
  "findAllByLabelText": [Function],
  "findAllByPlaceholderText": [Function],
  "findAllByRole": [Function],
  "findAllByTestId": [Function],
  "findAllByText": [Function],
  "findAllByTitle": [Function],
  "findByAltText": [Function],
  "findByDisplayValue": [Function],
  "findByLabelText": [Function],
  "findByPlaceholderText": [Function],
  "findByRole": [Function],
  "findByTestId": [Function],
  "findByText": [Function],
  "findByTitle": [Function],
  "getAllByAltText": [Function],
  "getAllByDisplayValue": [Function],
  "getAllByLabelText": [Function],
  "getAllByPlaceholderText": [Function],
  "getAllByRole": [Function],
  "getAllByTestId": [Function],
  "getAllByText": [Function],
  "getAllByTitle": [Function],
  "getByAltText": [Function],
  "getByDisplayValue": [Function],
  "getByLabelText": [Function],
  "getByPlaceholderText": [Function],
  "getByRole": [Function],
  "getByTestId": [Function],
  "getByText": [Function],
  "getByTitle": [Function],
  "queryAllByAltText": [Function],
  "queryAllByDisplayValue": [Function],
  "queryAllByLabelText": [Function],
  "queryAllByPlaceholderText": [Function],
  "queryAllByRole": [Function],
  "queryAllByTestId": [Function],
  "queryAllByText": [Function],
  "queryAllByTitle": [Function],
  "queryByAltText": [Function],
  "queryByDisplayValue": [Function],
  "queryByLabelText": [Function],
  "queryByPlaceholderText": [Function],
  "queryByRole": [Function],
  "queryByTestId": [Function],
  "queryByText": [Function],
  "queryByTitle": [Function],
  "rerender": [Function],
  "unmount": [Function],
}
`;
