// Jest Snapshot v1, https://goo.gl/fbAQLP

exports[`test component: newsletterView should render correctly '<NewsletterView />' when content is loaded. 1`] = `
Object {
  "asFragment": [Function],
  "baseElement": <body>
    <div>
      <section
        class="section "
      >
        <div
          class="MuiContainer-root container-super-wide MuiContainer-maxWidthLg"
        >
          <div
            class="text-centre pt-64 pb-64"
          >
            <div
              class="MuiGrid-root MuiGrid-container MuiGrid-spacing-xs-2"
            >
              <div
                class="MuiGrid-root MuiGrid-item MuiGrid-grid-xs-12 MuiGrid-grid-md-5"
              >
                <div
                  data-aos="fade-down"
                  data-aos-delay="0"
                >
                  <p
                    class="MuiTypography-root newsletter-caption MuiTypography-body1"
                  >
                    Join the newsletter!
                  </p>
                </div>
                <div
                  data-aos="zoom-in"
                  data-aos-delay="0"
                >
                  <p
                    class="MuiTypography-root newsletter-text MuiTypography-body1"
                  >
                    We will never share your email address.
                  </p>
                </div>
              </div>
              <div
                class="MuiGrid-root MuiGrid-item MuiGrid-grid-xs-12 MuiGrid-grid-md-7"
              >
                <div
                  data-aos="zoom-in"
                  data-aos-delay="0"
                >
                  <div
                    class="newsletter-container"
                  >
                    <div
                      class="newsletter-box"
                    >
                      <div
                        class="MuiGrid-root MuiGrid-container MuiGrid-spacing-xs-2"
                      >
                        <div
                          class="MuiGrid-root MuiGrid-item MuiGrid-grid-xs-12 MuiGrid-grid-sm-7"
                        >
                          <div
                            class="MuiFormControl-root MuiTextField-root MuiFormControl-fullWidth"
                          >
                            <label
                              class="MuiFormLabel-root MuiInputLabel-root MuiInputLabel-formControl MuiInputLabel-animated MuiInputLabel-marginDense MuiInputLabel-outlined Mui-required Mui-required"
                              data-shrink="false"
                              for="email_newletter"
                              id="email_newletter-label"
                            >
                              Email address
                              <span
                                aria-hidden="true"
                                class="MuiFormLabel-asterisk MuiInputLabel-asterisk"
                              >
                                 
                                *
                              </span>
                            </label>
                            <div
                              class="MuiInputBase-root MuiOutlinedInput-root MuiInputBase-fullWidth MuiInputBase-formControl MuiInputBase-marginDense MuiOutlinedInput-marginDense"
                            >
                              <input
                                aria-invalid="false"
                                autocomplete="email"
                                class="MuiInputBase-input MuiOutlinedInput-input MuiInputBase-inputMarginDense MuiOutlinedInput-inputMarginDense"
                                id="email_newletter"
                                name="email"
                                required=""
                                type="text"
                                value="ester.exposito@gmail.com"
                              />
                              <fieldset
                                aria-hidden="true"
                                class="PrivateNotchedOutline-root-1 MuiOutlinedInput-notchedOutline"
                              >
                                <legend
                                  class="PrivateNotchedOutline-legendLabelled-3"
                                >
                                  <span>
                                    Email address
                                     *
                                  </span>
                                </legend>
                              </fieldset>
                            </div>
                          </div>
                        </div>
                        <div
                          class="MuiGrid-root MuiGrid-item MuiGrid-grid-xs-12 MuiGrid-grid-sm-5"
                        >
                          <button
                            class="MuiButtonBase-root MuiButton-root MuiButton-contained button MuiButton-fullWidth"
                            tabindex="0"
                            type="submit"
                          >
                            <span
                              class="MuiButton-label"
                            >
                              Subscribe
                            </span>
                            <span
                              class="MuiTouchRipple-root"
                            />
                          </button>
                        </div>
                      </div>
                    </div>
                  </div>
                </div>
              </div>
            </div>
          </div>
        </div>
      </section>
    </div>
  </body>,
  "container": <div>
    <section
      class="section "
    >
      <div
        class="MuiContainer-root container-super-wide MuiContainer-maxWidthLg"
      >
        <div
          class="text-centre pt-64 pb-64"
        >
          <div
            class="MuiGrid-root MuiGrid-container MuiGrid-spacing-xs-2"
          >
            <div
              class="MuiGrid-root MuiGrid-item MuiGrid-grid-xs-12 MuiGrid-grid-md-5"
            >
              <div
                data-aos="fade-down"
                data-aos-delay="0"
              >
                <p
                  class="MuiTypography-root newsletter-caption MuiTypography-body1"
                >
                  Join the newsletter!
                </p>
              </div>
              <div
                data-aos="zoom-in"
                data-aos-delay="0"
              >
                <p
                  class="MuiTypography-root newsletter-text MuiTypography-body1"
                >
                  We will never share your email address.
                </p>
              </div>
            </div>
            <div
              class="MuiGrid-root MuiGrid-item MuiGrid-grid-xs-12 MuiGrid-grid-md-7"
            >
              <div
                data-aos="zoom-in"
                data-aos-delay="0"
              >
                <div
                  class="newsletter-container"
                >
                  <div
                    class="newsletter-box"
                  >
                    <div
                      class="MuiGrid-root MuiGrid-container MuiGrid-spacing-xs-2"
                    >
                      <div
                        class="MuiGrid-root MuiGrid-item MuiGrid-grid-xs-12 MuiGrid-grid-sm-7"
                      >
                        <div
                          class="MuiFormControl-root MuiTextField-root MuiFormControl-fullWidth"
                        >
                          <label
                            class="MuiFormLabel-root MuiInputLabel-root MuiInputLabel-formControl MuiInputLabel-animated MuiInputLabel-marginDense MuiInputLabel-outlined Mui-required Mui-required"
                            data-shrink="false"
                            for="email_newletter"
                            id="email_newletter-label"
                          >
                            Email address
                            <span
                              aria-hidden="true"
                              class="MuiFormLabel-asterisk MuiInputLabel-asterisk"
                            >
                               
                              *
                            </span>
                          </label>
                          <div
                            class="MuiInputBase-root MuiOutlinedInput-root MuiInputBase-fullWidth MuiInputBase-formControl MuiInputBase-marginDense MuiOutlinedInput-marginDense"
                          >
                            <input
                              aria-invalid="false"
                              autocomplete="email"
                              class="MuiInputBase-input MuiOutlinedInput-input MuiInputBase-inputMarginDense MuiOutlinedInput-inputMarginDense"
                              id="email_newletter"
                              name="email"
                              required=""
                              type="text"
                              value="ester.exposito@gmail.com"
                            />
                            <fieldset
                              aria-hidden="true"
                              class="PrivateNotchedOutline-root-1 MuiOutlinedInput-notchedOutline"
                            >
                              <legend
                                class="PrivateNotchedOutline-legendLabelled-3"
                              >
                                <span>
                                  Email address
                                   *
                                </span>
                              </legend>
                            </fieldset>
                          </div>
                        </div>
                      </div>
                      <div
                        class="MuiGrid-root MuiGrid-item MuiGrid-grid-xs-12 MuiGrid-grid-sm-5"
                      >
                        <button
                          class="MuiButtonBase-root MuiButton-root MuiButton-contained button MuiButton-fullWidth"
                          tabindex="0"
                          type="submit"
                        >
                          <span
                            class="MuiButton-label"
                          >
                            Subscribe
                          </span>
                          <span
                            class="MuiTouchRipple-root"
                          />
                        </button>
                      </div>
                    </div>
                  </div>
                </div>
              </div>
            </div>
          </div>
        </div>
      </div>
    </section>
  </div>,
  "debug": [Function],
  "findAllByAltText": [Function],
  "findAllByDisplayValue": [Function],
  "findAllByLabelText": [Function],
  "findAllByPlaceholderText": [Function],
  "findAllByRole": [Function],
  "findAllByTestId": [Function],
  "findAllByText": [Function],
  "findAllByTitle": [Function],
  "findByAltText": [Function],
  "findByDisplayValue": [Function],
  "findByLabelText": [Function],
  "findByPlaceholderText": [Function],
  "findByRole": [Function],
  "findByTestId": [Function],
  "findByText": [Function],
  "findByTitle": [Function],
  "getAllByAltText": [Function],
  "getAllByDisplayValue": [Function],
  "getAllByLabelText": [Function],
  "getAllByPlaceholderText": [Function],
  "getAllByRole": [Function],
  "getAllByTestId": [Function],
  "getAllByText": [Function],
  "getAllByTitle": [Function],
  "getByAltText": [Function],
  "getByDisplayValue": [Function],
  "getByLabelText": [Function],
  "getByPlaceholderText": [Function],
  "getByRole": [Function],
  "getByTestId": [Function],
  "getByText": [Function],
  "getByTitle": [Function],
  "queryAllByAltText": [Function],
  "queryAllByDisplayValue": [Function],
  "queryAllByLabelText": [Function],
  "queryAllByPlaceholderText": [Function],
  "queryAllByRole": [Function],
  "queryAllByTestId": [Function],
  "queryAllByText": [Function],
  "queryAllByTitle": [Function],
  "queryByAltText": [Function],
  "queryByDisplayValue": [Function],
  "queryByLabelText": [Function],
  "queryByPlaceholderText": [Function],
  "queryByRole": [Function],
  "queryByTestId": [Function],
  "queryByText": [Function],
  "queryByTitle": [Function],
  "rerender": [Function],
  "unmount": [Function],
}
`;
