// Jest Snapshot v1, https://goo.gl/fbAQLP

exports[`test component: newsletterView should render correctly '<NewsletterView />' when content is loaded. 1`] = `
Object {
  "asFragment": [Function],
  "baseElement": <body>
    <div>
      <section>
        <div
          class="bulma-container"
        >
          <div
            class="py-6"
          >
            <div
              class="p-6"
            >
              <div
                class="bulma-columns bulma-is-vcentered"
              >
                <div
                  class="bulma-column"
                >
                  <div
                    data-aos="fade-down"
                    data-aos-delay="150"
                  >
                    <p
                      class="is-size-3 has-text-grey-dark has-text-centered"
                    >
                      Join the newsletter!
                    </p>
                  </div>
                  <div
                    data-aos="zoom-in"
                    data-aos-delay="200"
                  >
                    <p
                      class="is-size-5 has-text-grey has-text-centered"
                    >
                      We will never share your email address.
                    </p>
                  </div>
                </div>
                <div
                  class="bulma-column"
                >
                  <div
                    data-aos="zoom-in"
                    data-aos-delay="300"
                  >
                    <div
                      class="bulma-control  "
                    >
                      <input
                        autocomplete="email"
                        class="bulma-input   "
                        id="email"
                        name="email"
                        placeholder="Email address"
                        required=""
                        type="text"
                        value="ester.exposito@gmail.com"
                      />
                    </div>
                  </div>
                </div>
                <div
                  class="bulma-column"
                >
                  <div
                    data-aos="zoom-in"
                    data-aos-delay="350"
                  >
                    <button
                      class="bulma-button bulma-is-link bulma-is-light bulma-is-fullwidth"
                      type="submit"
                    >
                      Subscribe
                    </button>
                  </div>
                </div>
              </div>
            </div>
          </div>
        </div>
      </section>
    </div>
  </body>,
  "container": <div>
    <section>
      <div
        class="bulma-container"
      >
        <div
          class="py-6"
        >
          <div
            class="p-6"
          >
            <div
              class="bulma-columns bulma-is-vcentered"
            >
              <div
                class="bulma-column"
              >
                <div
                  data-aos="fade-down"
                  data-aos-delay="150"
                >
                  <p
                    class="is-size-3 has-text-grey-dark has-text-centered"
                  >
                    Join the newsletter!
                  </p>
                </div>
                <div
                  data-aos="zoom-in"
                  data-aos-delay="200"
                >
                  <p
                    class="is-size-5 has-text-grey has-text-centered"
                  >
                    We will never share your email address.
                  </p>
                </div>
              </div>
              <div
                class="bulma-column"
              >
                <div
                  data-aos="zoom-in"
                  data-aos-delay="300"
                >
                  <div
                    class="bulma-control  "
                  >
                    <input
                      autocomplete="email"
                      class="bulma-input   "
                      id="email"
                      name="email"
                      placeholder="Email address"
                      required=""
                      type="text"
                      value="ester.exposito@gmail.com"
                    />
                  </div>
                </div>
              </div>
              <div
                class="bulma-column"
              >
                <div
                  data-aos="zoom-in"
                  data-aos-delay="350"
                >
                  <button
                    class="bulma-button bulma-is-link bulma-is-light bulma-is-fullwidth"
                    type="submit"
                  >
                    Subscribe
                  </button>
                </div>
              </div>
            </div>
          </div>
        </div>
      </div>
    </section>
  </div>,
  "debug": [Function],
  "findAllByAltText": [Function],
  "findAllByDisplayValue": [Function],
  "findAllByLabelText": [Function],
  "findAllByPlaceholderText": [Function],
  "findAllByRole": [Function],
  "findAllByTestId": [Function],
  "findAllByText": [Function],
  "findAllByTitle": [Function],
  "findByAltText": [Function],
  "findByDisplayValue": [Function],
  "findByLabelText": [Function],
  "findByPlaceholderText": [Function],
  "findByRole": [Function],
  "findByTestId": [Function],
  "findByText": [Function],
  "findByTitle": [Function],
  "getAllByAltText": [Function],
  "getAllByDisplayValue": [Function],
  "getAllByLabelText": [Function],
  "getAllByPlaceholderText": [Function],
  "getAllByRole": [Function],
  "getAllByTestId": [Function],
  "getAllByText": [Function],
  "getAllByTitle": [Function],
  "getByAltText": [Function],
  "getByDisplayValue": [Function],
  "getByLabelText": [Function],
  "getByPlaceholderText": [Function],
  "getByRole": [Function],
  "getByTestId": [Function],
  "getByText": [Function],
  "getByTitle": [Function],
  "queryAllByAltText": [Function],
  "queryAllByDisplayValue": [Function],
  "queryAllByLabelText": [Function],
  "queryAllByPlaceholderText": [Function],
  "queryAllByRole": [Function],
  "queryAllByTestId": [Function],
  "queryAllByText": [Function],
  "queryAllByTitle": [Function],
  "queryByAltText": [Function],
  "queryByDisplayValue": [Function],
  "queryByLabelText": [Function],
  "queryByPlaceholderText": [Function],
  "queryByRole": [Function],
  "queryByTestId": [Function],
  "queryByText": [Function],
  "queryByTitle": [Function],
  "rerender": [Function],
  "unmount": [Function],
}
`;
